Component: ARM Compiler 5.06 update 6 (build 750) Tool: armlink [4d35ed]

==============================================================================

Section Cross References

    startup_stm32f103xb.o(STACK) refers (Special) to heapauxi.o(.text) for __use_two_region_memory
    startup_stm32f103xb.o(HEAP) refers (Special) to heapauxi.o(.text) for __use_two_region_memory
    startup_stm32f103xb.o(RESET) refers (Special) to heapauxi.o(.text) for __use_two_region_memory
    startup_stm32f103xb.o(RESET) refers to startup_stm32f103xb.o(STACK) for __initial_sp
    startup_stm32f103xb.o(RESET) refers to startup_stm32f103xb.o(.text) for Reset_Handler
    startup_stm32f103xb.o(RESET) refers to stm32f1xx_it.o(i.NMI_Handler) for NMI_Handler
    startup_stm32f103xb.o(RESET) refers to stm32f1xx_it.o(i.HardFault_Handler) for HardFault_Handler
    startup_stm32f103xb.o(RESET) refers to stm32f1xx_it.o(i.MemManage_Handler) for MemManage_Handler
    startup_stm32f103xb.o(RESET) refers to stm32f1xx_it.o(i.BusFault_Handler) for BusFault_Handler
    startup_stm32f103xb.o(RESET) refers to stm32f1xx_it.o(i.UsageFault_Handler) for UsageFault_Handler
    startup_stm32f103xb.o(RESET) refers to port.o(.emb_text) for SVC_Handler
    startup_stm32f103xb.o(RESET) refers to stm32f1xx_it.o(i.DebugMon_Handler) for DebugMon_Handler
    startup_stm32f103xb.o(RESET) refers to stm32f1xx_it.o(i.SysTick_Handler) for SysTick_Handler
    startup_stm32f103xb.o(.text) refers (Special) to heapauxi.o(.text) for __use_two_region_memory
    startup_stm32f103xb.o(.text) refers to system_stm32f1xx.o(i.SystemInit) for SystemInit
    startup_stm32f103xb.o(.text) refers to __main.o(!!!main) for __main
    startup_stm32f103xb.o(.text) refers to startup_stm32f103xb.o(HEAP) for Heap_Mem
    startup_stm32f103xb.o(.text) refers to startup_stm32f103xb.o(STACK) for Stack_Mem
    dht11.o(i.DHT11_GetData) refers to dht11.o(i.DHT11_Start) for DHT11_Start
    dht11.o(i.DHT11_GetData) refers to dht11.o(i.DHT11_Read) for DHT11_Read
    dht11.o(i.DHT11_GetData) refers to dflt_clz.o(x$fpl$dfltu) for __aeabi_ui2d
    dht11.o(i.DHT11_GetData) refers to ddiv.o(x$fpl$ddiv) for __aeabi_ddiv
    dht11.o(i.DHT11_GetData) refers to d2f.o(x$fpl$d2f) for __aeabi_d2f
    dht11.o(i.DHT11_GetData) refers to fflt_clz.o(x$fpl$ffltu) for __aeabi_ui2f
    dht11.o(i.DHT11_GetData) refers to faddsub_clz.o(x$fpl$fadd) for __aeabi_fadd
    dht11.o(i.DHT11_GetData) refers to fmul.o(x$fpl$fmul) for __aeabi_fmul
    dht11.o(i.DHT11_GetData) refers to fdiv.o(x$fpl$fdiv) for __aeabi_fdiv
    dht11.o(i.DHT11_GetData) refers to dht11.o(.data) for RHI
    dht11.o(i.DHT11_Read) refers to stm32f1xx_hal.o(i.HAL_GetTick) for HAL_GetTick
    dht11.o(i.DHT11_Read) refers to stm32f1xx_hal_gpio.o(i.HAL_GPIO_ReadPin) for HAL_GPIO_ReadPin
    dht11.o(i.DHT11_Read) refers to dht11.o(i.microDelay) for microDelay
    dht11.o(i.DHT11_Read) refers to dht11.o(.data) for pMillis
    dht11.o(i.DHT11_Start) refers to stm32f1xx_hal_gpio.o(i.HAL_GPIO_Init) for HAL_GPIO_Init
    dht11.o(i.DHT11_Start) refers to stm32f1xx_hal_gpio.o(i.HAL_GPIO_WritePin) for HAL_GPIO_WritePin
    dht11.o(i.DHT11_Start) refers to stm32f1xx_hal.o(i.HAL_Delay) for HAL_Delay
    dht11.o(i.DHT11_Start) refers to dht11.o(i.microDelay) for microDelay
    dht11.o(i.DHT11_Start) refers to stm32f1xx_hal_gpio.o(i.HAL_GPIO_ReadPin) for HAL_GPIO_ReadPin
    dht11.o(i.DHT11_Start) refers to stm32f1xx_hal.o(i.HAL_GetTick) for HAL_GetTick
    dht11.o(i.DHT11_Start) refers to dht11.o(.data) for pMillis
    dht11.o(i.microDelay) refers to main.o(.bss) for htim1
    fonts.o(i.FONTS_GetStringSize) refers to strlen.o(.text) for strlen
    fonts.o(.data) refers to fonts.o(.constdata) for Font7x10
    lorasendvalue.o(i.lora_send_sensor_value) refers to _printf_percent.o(.ARM.Collect$$_printf_percent$$00000000) for _printf_percent
    lorasendvalue.o(i.lora_send_sensor_value) refers to _printf_d.o(.ARM.Collect$$_printf_percent$$00000009) for _printf_d
    lorasendvalue.o(i.lora_send_sensor_value) refers to _printf_f.o(.ARM.Collect$$_printf_percent$$00000003) for _printf_f
    lorasendvalue.o(i.lora_send_sensor_value) refers to _printf_dec.o(.text) for _printf_int_dec
    lorasendvalue.o(i.lora_send_sensor_value) refers to printf1.o(x$fpl$printf1) for _printf_fp_dec
    lorasendvalue.o(i.lora_send_sensor_value) refers to f2d.o(x$fpl$f2d) for __aeabi_f2d
    lorasendvalue.o(i.lora_send_sensor_value) refers to __2sprintf.o(.text) for __2sprintf
    lorasendvalue.o(i.lora_send_sensor_value) refers to stm32f1xx_hal_uart.o(i.HAL_UART_Transmit) for HAL_UART_Transmit
    mq2.o(i.MQ2_CalcRs) refers to fflt_clz.o(x$fpl$ffltu) for __aeabi_ui2f
    mq2.o(i.MQ2_CalcRs) refers to fmul.o(x$fpl$fmul) for __aeabi_fmul
    mq2.o(i.MQ2_CalcRs) refers to fdiv.o(x$fpl$fdiv) for __aeabi_fdiv
    mq2.o(i.MQ2_CalcRs) refers to fleqf.o(x$fpl$fleqf) for __aeabi_cfcmple
    mq2.o(i.MQ2_CalcRs) refers to faddsub_clz.o(x$fpl$fsub) for __aeabi_fsub
[...]
    .bss                                     0x200008b4   Section      240  tasks.o(.bss)
    pxReadyTasksLists                        0x200008b4   Data         140  tasks.o(.bss)
    xDelayedTaskList1                        0x20000940   Data          20  tasks.o(.bss)
    xDelayedTaskList2                        0x20000954   Data          20  tasks.o(.bss)
    xPendingReadyList                        0x20000968   Data          20  tasks.o(.bss)
    xTasksWaitingTermination                 0x2000097c   Data          20  tasks.o(.bss)
    xSuspendedTaskList                       0x20000990   Data          20  tasks.o(.bss)
    .bss                                     0x200009a4   Section    15360  heap_4.o(.bss)
    ucHeap                                   0x200009a4   Data       15360  heap_4.o(.bss)
    .bss                                     0x200045a4   Section       96  libspace.o(.bss)
    HEAP                                     0x20004608   Section      512  startup_stm32f103xb.o(HEAP)
    Heap_Mem                                 0x20004608   Data         512  startup_stm32f103xb.o(HEAP)
    STACK                                    0x20004808   Section     1024  startup_stm32f103xb.o(STACK)
    Stack_Mem                                0x20004808   Data        1024  startup_stm32f103xb.o(STACK)
    __initial_sp                             0x20004c08   Data           0  startup_stm32f103xb.o(STACK)

    Global Symbols

    Symbol Name                              Value     Ov Type        Size  Object(Section)

    BuildAttributes$$THM_ISAv4$P$D$K$B$S$PE$A:L22UL41UL21$X:L11$S22US41US21$IEEE1$IW$USESV6$~STKCKD$USESV7$~SHL$OTIME$ROPI$IEEEX$EBA8$UX$STANDARDLIB$REQ8$PRES8$EABIv2 0x00000000   Number         0  anon$$obj.o ABSOLUTE
    __ARM_use_no_argv                        0x00000000   Number         0  main.o ABSOLUTE
    _printf_flags                            0x00000000   Number         0  printf_stubs.o ABSOLUTE
    _printf_return_value                     0x00000000   Number         0  printf_stubs.o ABSOLUTE
    _printf_sizespec                         0x00000000   Number         0  printf_stubs.o ABSOLUTE
    _printf_widthprec                        0x00000000   Number         0  printf_stubs.o ABSOLUTE
    __ARM_exceptions_init                     - Undefined Weak Reference
    __alloca_initialize                       - Undefined Weak Reference
    __arm_preinit_                            - Undefined Weak Reference
    __cpp_initialize__aeabi_                  - Undefined Weak Reference
    __cxa_finalize                            - Undefined Weak Reference
    __sigvec_lookup                           - Undefined Weak Reference
    _atexit_init                              - Undefined Weak Reference
    _call_atexit_fns                          - Undefined Weak Reference
    _clock_init                               - Undefined Weak Reference
    _fp_trap_init                             - Undefined Weak Reference
    _fp_trap_shutdown                         - Undefined Weak Reference
    _get_lc_collate                           - Undefined Weak Reference
    _get_lc_ctype                             - Undefined Weak Reference
    _get_lc_monetary                          - Undefined Weak Reference
    _get_lc_time                              - Undefined Weak Reference
    _getenv_init                              - Undefined Weak Reference
    _handle_redirection                       - Undefined Weak Reference
    _init_alloc                               - Undefined Weak Reference
    _init_user_alloc                          - Undefined Weak Reference
    _initio                                   - Undefined Weak Reference
    _printf_post_padding                      - Undefined Weak Reference
    _printf_pre_padding                       - Undefined Weak Reference
    _printf_truncate_signed                   - Undefined Weak Reference
    _printf_truncate_unsigned                 - Undefined Weak Reference
    _rand_init                                - Undefined Weak Reference
    _signal_finish                            - Undefined Weak Reference
    _signal_init                              - Undefined Weak Reference
    _terminate_alloc                          - Undefined Weak Reference
    _terminate_user_alloc                     - Undefined Weak Reference
    _terminateio                              - Undefined Weak Reference
    __Vectors_Size                           0x000000ec   Number         0  startup_stm32f103xb.o ABSOLUTE
    __Vectors                                0x08000000   Data           4  startup_stm32f103xb.o(RESET)
    __Vectors_End                            0x080000ec   Data           0  startup_stm32f103xb.o(RESET)
    __main                                   0x080000ed   Thumb Code     8  __main.o(!!!main)
    __scatterload                            0x080000f5   Thumb Code     0  __scatter.o(!!!scatter)
    __scatterload_rt2                        0x080000f5   Thumb Code    44  __scatter.o(!!!scatter)
    __scatterload_rt2_thumb_only             0x080000f5   Thumb Code     0  __scatter.o(!!!scatter)
    __scatterload_null                       0x08000103   Thumb Code     0  __scatter.o(!!!scatter)
    __scatterload_copy                       0x08000129   Thumb Code    26  __scatter_copy.o(!!handler_copy)
    __scatterload_zeroinit                   0x08000145   Thumb Code    28  __scatter_zi.o(!!handler_zi)
    _printf_f                                0x08000161   Thumb Code     0  _printf_f.o(.ARM.Collect$$_printf_percent$$00000003)
    _printf_percent                          0x08000161   Thumb Code     0  _printf_percent.o(.ARM.Collect$$_printf_percent$$00000000)
    _printf_d                                0x08000167   Thumb Code     0  _printf_d.o(.ARM.Collect$$_printf_percent$$00000009)
    _printf_percent_end                      0x0800016d   Thumb Code     0  _printf_percent_end.o(.ARM.Collect$$_printf_percent$$00000017)
    __rt_lib_init                            0x08000171   Thumb Code     0  libinit.o(.ARM.Collect$$libinit$$00000000)
    __rt_lib_init_fp_1                       0x08000173   Thumb Code     0  libinit2.o(.ARM.Collect$$libinit$$00000002)
    __rt_lib_init_heap_1                     0x08000173   Thumb Code     0  libinit2.o(.ARM.Collect$$libinit$$0000000A)
    __rt_lib_init_lc_common                  0x08000173   Thumb Code     0  libinit2.o(.ARM.Collect$$libinit$$0000000F)
    __rt_lib_init_preinit_1                  0x08000173   Thumb Code     0  libinit2.o(.ARM.Collect$$libinit$$00000004)
    __rt_lib_init_rand_1                     0x08000173   Thumb Code     0  libinit2.o(.ARM.Collect$$libinit$$0000000E)
    __rt_lib_init_user_alloc_1               0x08000173   Thumb Code     0  libinit2.o(.ARM.Collect$$libinit$$0000000C)
    __rt_lib_init_lc_collate_1               0x08000179   Thumb Code     0  libinit2.o(.ARM.Collect$$libinit$$00000011)
    __rt_lib_init_lc_ctype_1                 0x08000179   Thumb Code     0  libinit2.o(.ARM.Collect$$libinit$$00000013)
    __rt_lib_init_lc_monetary_1              0x08000179   Thumb Code     0  libinit2.o(.ARM.Collect$$libinit$$00000015)
    __rt_lib_init_lc_numeric_2               0x08000179   Thumb Code     0  libinit2.o(.ARM.Collect$$libinit$$00000016)
    __rt_lib_init_alloca_1                   0x08000183   Thumb Code     0  libinit2.o(.ARM.Collect$$libinit$$0000002E)
    __rt_lib_init_argv_1                     0x08000183   Thumb Code     0  libinit2.o(.ARM.Collect$$libinit$$0000002C)
    __rt_lib_init_atexit_1                   0x08000183   Thumb Code     0  libinit2.o(.ARM.Collect$$libinit$$0000001B)
    __rt_lib_init_clock_1                    0x08000183   Thumb Code     0  libinit2.o(.ARM.Collect$$libinit$$00000021)
    __rt_lib_init_cpp_1                      0x08000183   Thumb Code     0  libinit2.o(.ARM.Collect$$libinit$$00000032)
    __rt_lib_init_exceptions_1               0x08000183   Thumb Code     0  libinit2.o(.ARM.Collect$$libinit$$00000030)
    __rt_lib_init_fp_trap_1                  0x08000183   Thumb Code     0  libinit2.o(.ARM.Collect$$libinit$$0000001F)
    __rt_lib_init_getenv_1                   0x08000183   Thumb Code     0  libinit2.o(.ARM.Collect$$libinit$$00000023)
    __rt_lib_init_lc_numeric_1               0x08000183   Thumb Code     0  libinit2.o(.ARM.Collect$$libinit$$00000017)
    __rt_lib_init_lc_time_1                  0x08000183   Thumb Code     0  libinit2.o(.ARM.Collect$$libinit$$00000019)
    __rt_lib_init_return                     0x08000183   Thumb Code     0  libinit2.o(.ARM.Collect$$libinit$$00000033)
    __rt_lib_init_signal_1                   0x08000183   Thumb Code     0  libinit2.o(.ARM.Collect$$libinit$$0000001D)
    __rt_lib_init_stdio_1                    0x08000183   Thumb Code     0  libinit2.o(.ARM.Collect$$libinit$$00000025)
    __rt_lib_shutdown                        0x08000185   Thumb Code     0  libshutdown.o(.ARM.Collect$$libshutdown$$00000000)
    __rt_lib_shutdown_cpp_1                  0x08000187   Thumb Code     0  libshutdown2.o(.ARM.Collect$$libshutdown$$00000002)
    __rt_lib_shutdown_fp_trap_1              0x08000187   Thumb Code     0  libshutdown2.o(.ARM.Collect$$libshutdown$$00000007)
    __rt_lib_shutdown_heap_1                 0x08000187   Thumb Code     0  libshutdown2.o(.ARM.Collect$$libshutdown$$0000000F)
    __rt_lib_shutdown_return                 0x08000187   Thumb Code     0  libshutdown2.o(.ARM.Collect$$libshutdown$$00000010)
    __rt_lib_shutdown_signal_1               0x08000187   Thumb Code     0  libshutdown2.o(.ARM.Collect$$libshutdown$$0000000A)
    __rt_lib_shutdown_stdio_1                0x08000187   Thumb Code     0  libshutdown2.o(.ARM.Collect$$libshutdown$$00000004)
    __rt_lib_shutdown_user_alloc_1           0x08000187   Thumb Code     0  libshutdown2.o(.ARM.Collect$$libshutdown$$0000000C)
    __rt_entry                               0x08000189   Thumb Code     0  __rtentry.o(.ARM.Collect$$rtentry$$00000000)
    __rt_entry_presh_1                       0x08000189   Thumb Code     0  __rtentry2.o(.ARM.Collect$$rtentry$$00000002)
    __rt_entry_sh                            0x08000189   Thumb Code     0  __rtentry4.o(.ARM.Collect$$rtentry$$00000004)
    __rt_entry_li                            0x0800018f   Thumb Code     0  __rtentry2.o(.ARM.Collect$$rtentry$$0000000A)
    __rt_entry_postsh_1                      0x0800018f   Thumb Code     0  __rtentry2.o(.ARM.Collect$$rtentry$$00000009)
    __rt_entry_main                          0x08000193   Thumb Code     0  __rtentry2.o(.ARM.Collect$$rtentry$$0000000D)
    __rt_entry_postli_1                      0x08000193   Thumb Code     0  __rtentry2.o(.ARM.Collect$$rtentry$$0000000C)
    __rt_exit                                0x0800019b   Thumb Code     0  rtexit.o(.ARM.Collect$$rtexit$$00000000)
    __rt_exit_ls                             0x0800019d   Thumb Code     0  rtexit2.o(.ARM.Collect$$rtexit$$00000003)
    __rt_exit_prels_1                        0x0800019d   Thumb Code     0  rtexit2.o(.ARM.Collect$$rtexit$$00000002)
    __rt_exit_exit                           0x080001a1   Thumb Code     0  rtexit2.o(.ARM.Collect$$rtexit$$00000004)
    SVC_Handler                              0x080001a9   Thumb Code    32  port.o(.emb_text)
    __asm___6_port_c_39a90d8d__prvStartFirstTask 0x080001cd   Thumb Code    28  port.o(.emb_text)
    PendSV_Handler                           0x080001ed   Thumb Code    72  port.o(.emb_text)
    vPortGetIPSR                             0x08000239   Thumb Code     6  port.o(.emb_text)
    Reset_Handler                            0x08000241   Thumb Code     8  startup_stm32f103xb.o(.text)
    ADC1_2_IRQHandler                        0x0800025b   Thumb Code     0  startup_stm32f103xb.o(.text)
    CAN1_RX1_IRQHandler                      0x0800025b   Thumb Code     0  startup_stm32f103xb.o(.text)
    CAN1_SCE_IRQHandler                      0x0800025b   Thumb Code     0  startup_stm32f103xb.o(.text)
    DMA1_Channel1_IRQHandler                 0x0800025b   Thumb Code     0  startup_stm32f103xb.o(.text)
    DMA1_Channel2_IRQHandler                 0x0800025b   Thumb Code     0  startup_stm32f103xb.o(.text)
    DMA1_Channel3_IRQHandler                 0x0800025b   Thumb Code     0  startup_stm32f103xb.o(.text)
    DMA1_Channel4_IRQHandler                 0x0800025b   Thumb Code     0  startup_stm32f103xb.o(.text)
    DMA1_Channel5_IRQHandler                 0x0800025b   Thumb Code     0  startup_stm32f103xb.o(.text)
    DMA1_Channel6_IRQHandler                 0x0800025b   Thumb Code     0  startup_stm32f103xb.o(.text)
    DMA1_Channel7_IRQHandler                 0x0800025b   Thumb Code     0  startup_stm32f103xb.o(.text)
    EXTI0_IRQHandler                         0x0800025b   Thumb Code     0  startup_stm32f103xb.o(.text)
    EXTI15_10_IRQHandler                     0x0800025b   Thumb Code     0  startup_stm32f103xb.o(.text)
    EXTI1_IRQHandler                         0x0800025b   Thumb Code     0  startup_stm32f103xb.o(.text)
    EXTI2_IRQHandler                         0x0800025b   Thumb Code     0  startup_stm32f103xb.o(.text)
    EXTI3_IRQHandler                         0x0800025b   Thumb Code     0  startup_stm32f103xb.o(.text)
    EXTI4_IRQHandler                         0x0800025b   Thumb Code     0  startup_stm32f103xb.o(.text)
    EXTI9_5_IRQHandler                       0x0800025b   Thumb Code     0  startup_stm32f103xb.o(.text)
    FLASH_IRQHandler                         0x0800025b   Thumb Code     0  startup_stm32f103xb.o(.text)
    I2C1_ER_IRQHandler                       0x0800025b   Thumb Code     0  startup_stm32f103xb.o(.text)
    I2C1_EV_IRQHandler                       0x0800025b   Thumb Code     0  startup_stm32f103xb.o(.text)
    I2C2_ER_IRQHandler                       0x0800025b   Thumb Code     0  startup_stm32f103xb.o(.text)
    I2C2_EV_IRQHandler                       0x0800025b   Thumb Code     0  startup_stm32f103xb.o(.text)
    PVD_IRQHandler                           0x0800025b   Thumb Code     0  startup_stm32f103xb.o(.text)
    RCC_IRQHandler                           0x0800025b   Thumb Code     0  startup_stm32f103xb.o(.text)
    RTC_Alarm_IRQHandler                     0x0800025b   Thumb Code     0  startup_stm32f103xb.o(.text)
    RTC_IRQHandler                           0x0800025b   Thumb Code     0  startup_stm32f103xb.o(.text)
    SPI1_IRQHandler                          0x0800025b   Thumb Code     0  startup_stm32f103xb.o(.text)
    SPI2_IRQHandler                          0x0800025b   Thumb Code     0  startup_stm32f103xb.o(.text)
    TAMPER_IRQHandler                        0x0800025b   Thumb Code     0  startup_stm32f103xb.o(.text)
    TIM1_BRK_IRQHandler                      0x0800025b   Thumb Code     0  startup_stm32f103xb.o(.text)
    TIM1_CC_IRQHandler                       0x0800025b   Thumb Code     0  startup_stm32f103xb.o(.text)
    TIM1_TRG_COM_IRQHandler                  0x0800025b   Thumb Code     0  startup_stm32f103xb.o(.text)
    TIM1_UP_IRQHandler                       0x0800025b   Thumb Code     0  startup_stm32f103xb.o(.text)
    TIM2_IRQHandler                          0x0800025b   Thumb Code     0  startup_stm32f103xb.o(.text)
    TIM3_IRQHandler                          0x0800025b   Thumb Code     0  startup_stm32f103xb.o(.text)
    TIM4_IRQHandler                          0x0800025b   Thumb Code     0  startup_stm32f103xb.o(.text)
    USART1_IRQHandler                        0x0800025b   Thumb Code     0  startup_stm32f103xb.o(.text)
    USART2_IRQHandler                        0x0800025b   Thumb Code     0  startup_stm32f103xb.o(.text)
    USART3_IRQHandler                        0x0800025b   Thumb Code     0  startup_stm32f103xb.o(.text)
    USBWakeUp_IRQHandler                     0x0800025b   Thumb Code     0  startup_stm32f103xb.o(.text)
    USB_HP_CAN1_TX_IRQHandler                0x0800025b   Thumb Code     0  startup_stm32f103xb.o(.text)
    USB_LP_CAN1_RX0_IRQHandler               0x0800025b   Thumb Code     0  startup_stm32f103xb.o(.text)
    WWDG_IRQHandler                          0x0800025b   Thumb Code     0  startup_stm32f103xb.o(.text)
    __user_initial_stackheap                 0x0800025d   Thumb Code     0  startup_stm32f103xb.o(.text)
    __2sprintf                               0x08000281   Thumb Code    38  __2sprintf.o(.text)
    __2snprintf                              0x080002ad   Thumb Code    50  __2snprintf.o(.text)
    _printf_int_dec                          0x080002e5   Thumb Code   104  _printf_dec.o(.text)
    __printf                                 0x0800035d   Thumb Code   270  __printf_wp.o(.text)
    __aeabi_memcpy                           0x0800046b   Thumb Code     0  rt_memcpy_v6.o(.text)
    __rt_memcpy                              0x0800046b   Thumb Code   138  rt_memcpy_v6.o(.text)
    _memcpy_lastbytes                        0x080004d1   Thumb Code     0  rt_memcpy_v6.o(.text)
    __aeabi_memcpy4                          0x080004f5   Thumb Code     0  rt_memcpy_w.o(.text)
    __aeabi_memcpy8                          0x080004f5   Thumb Code     0  rt_memcpy_w.o(.text)
    __rt_memcpy_w                            0x080004f5   Thumb Code   100  rt_memcpy_w.o(.text)
    _memcpy_lastbytes_aligned                0x0800053d   Thumb Code     0  rt_memcpy_w.o(.text)
    __aeabi_memset                           0x08000559   Thumb Code    16  aeabi_memset.o(.text)
    __aeabi_memclr4                          0x08000569   Thumb Code     0  rt_memclr_w.o(.text)
    __aeabi_memclr8                          0x08000569   Thumb Code     0  rt_memclr_w.o(.text)
    __rt_memclr_w                            0x08000569   Thumb Code    78  rt_memclr_w.o(.text)
    _memset_w                                0x0800056d   Thumb Code     0  rt_memclr_w.o(.text)
    __use_two_region_memory                  0x080005b7   Thumb Code     2  heapauxi.o(.text)
    __rt_heap_escrow$2region                 0x080005b9   Thumb Code     2  heapauxi.o(.text)
    __rt_heap_expand$2region                 0x080005bb   Thumb Code     2  heapauxi.o(.text)
    __read_errno                             0x080005bd   Thumb Code    10  _rserrno.o(.text)
    __set_errno                              0x080005c7   Thumb Code    12  _rserrno.o(.text)
    _printf_int_common                       0x080005d3   Thumb Code   178  _printf_intcommon.o(.text)
    __lib_sel_fp_printf                      0x08000685   Thumb Code     2  _printf_fp_dec.o(.text)
    _printf_fp_dec_real                      0x08000837   Thumb Code   620  _printf_fp_dec.o(.text)
    _printf_char_common                      0x08000aaf   Thumb Code    32  _printf_char_common.o(.text)
    _sputc                                   0x08000ad5   Thumb Code    10  _sputc.o(.text)
    _snputc                                  0x08000adf   Thumb Code    16  _snputc.o(.text)
    __aeabi_memclr                           0x08000aef   Thumb Code     0  rt_memclr.o(.text)
    __rt_memclr                              0x08000aef   Thumb Code    68  rt_memclr.o(.text)
    _memset                                  0x08000af3   Thumb Code     0  rt_memclr.o(.text)
    __rt_locale                              0x08000b35   Thumb Code     8  rt_locale_intlibspace.o(.text)
    __aeabi_errno_addr                       0x08000b3d   Thumb Code     8  rt_errno_addr_intlibspace.o(.text)
    __errno$intlibspace                      0x08000b3d   Thumb Code     0  rt_errno_addr_intlibspace.o(.text)
    __rt_errno_addr$intlibspace              0x08000b3d   Thumb Code     0  rt_errno_addr_intlibspace.o(.text)
    _ll_udiv10                               0x08000b45   Thumb Code   138  lludiv10.o(.text)
    _printf_fp_infnan                        0x08000bd1   Thumb Code   112  _printf_fp_infnan.o(.text)
    _btod_etento                             0x08000c51   Thumb Code   224  bigflt0.o(.text)
    __user_libspace                          0x08000d35   Thumb Code     8  libspace.o(.text)
    __user_perproc_libspace                  0x08000d35   Thumb Code     0  libspace.o(.text)
    __user_perthread_libspace                0x08000d35   Thumb Code     0  libspace.o(.text)
    __user_setup_stackheap                   0x08000d3d   Thumb Code    74  sys_stackheap_outer.o(.text)
    exit                                     0x08000d87   Thumb Code    18  exit.o(.text)
    strcmp                                   0x08000d99   Thumb Code   128  strcmpv7m.o(.text)
    _sys_exit                                0x08000e19   Thumb Code     8  sys_exit.o(.text)
    __I$use$semihosting                      0x08000e25   Thumb Code     0  use_no_semi.o(.text)
    __use_no_semihosting_swi                 0x08000e25   Thumb Code     2  use_no_semi.o(.text)
    __semihosting_library_function           0x08000e27   Thumb Code     0  indicate_semi.o(.text)
    _btod_d2e                                0x08000e27   Thumb Code    62  btod.o(CL$$btod_d2e)
    _d2e_denorm_low                          0x08000e65   Thumb Code    70  btod.o(CL$$btod_d2e_denorm_low)
    _d2e_norm_op1                            0x08000eab   Thumb Code    96  btod.o(CL$$btod_d2e_norm_op1)
    __btod_div_common                        0x08000f0b   Thumb Code   696  btod.o(CL$$btod_div_common)
    _e2e                                     0x08001243   Thumb Code   220  btod.o(CL$$btod_e2e)
    _btod_ediv                               0x0800131f   Thumb Code    42  btod.o(CL$$btod_ediv)
    _btod_emul                               0x08001349   Thumb Code    42  btod.o(CL$$btod_emul)
    __btod_mult_common                       0x08001373   Thumb Code   580  btod.o(CL$$btod_mult_common)
    ADC_ConversionStop_Disable               0x080015b7   Thumb Code    92  stm32f1xx_hal_adc.o(i.ADC_ConversionStop_Disable)
    ADC_Enable                               0x08001615   Thumb Code   134  stm32f1xx_hal_adc.o(i.ADC_Enable)
    BusFault_Handler                         0x080016a5   Thumb Code     4  stm32f1xx_it.o(i.BusFault_Handler)
    DHT11_GetData                            0x080016a9   Thumb Code   240  dht11.o(i.DHT11_GetData)
    DHT11_Read                               0x080017d1   Thumb Code   166  dht11.o(i.DHT11_Read)
    DHT11_Start                              0x08001885   Thumb Code   186  dht11.o(i.DHT11_Start)
    DebugMon_Handler                         0x0800194d   Thumb Code     2  stm32f1xx_it.o(i.DebugMon_Handler)
    Error_Handler                            0x0800194f   Thumb Code     6  main.o(i.Error_Handler)
    HAL_ADC_ConfigChannel                    0x08001955   Thumb Code   338  stm32f1xx_hal_adc.o(i.HAL_ADC_ConfigChannel)
    HAL_ADC_GetValue                         0x08001ab5   Thumb Code     8  stm32f1xx_hal_adc.o(i.HAL_ADC_GetValue)
    HAL_ADC_Init                             0x08001abd   Thumb Code   314  stm32f1xx_hal_adc.o(i.HAL_ADC_Init)
    HAL_ADC_MspInit                          0x08001c01   Thumb Code    98  stm32f1xx_hal_msp.o(i.HAL_ADC_MspInit)
    HAL_ADC_PollForConversion                0x08001c71   Thumb Code   366  stm32f1xx_hal_adc.o(i.HAL_ADC_PollForConversion)
    HAL_ADC_Start                            0x08001df1   Thumb Code   294  stm32f1xx_hal_adc.o(i.HAL_ADC_Start)
    HAL_ADC_Stop                             0x08001f21   Thumb Code    64  stm32f1xx_hal_adc.o(i.HAL_ADC_Stop)
    HAL_Delay                                0x08001f61   Thumb Code    36  stm32f1xx_hal.o(i.HAL_Delay)
    HAL_GPIO_Init                            0x08001f89   Thumb Code   766  stm32f1xx_hal_gpio.o(i.HAL_GPIO_Init)
    HAL_GPIO_ReadPin                         0x080022a9   Thumb Code    16  stm32f1xx_hal_gpio.o(i.HAL_GPIO_ReadPin)
    HAL_GPIO_WritePin                        0x080022b9   Thumb Code    12  stm32f1xx_hal_gpio.o(i.HAL_GPIO_WritePin)
    HAL_GetTick                              0x080022c5   Thumb Code     6  stm32f1xx_hal.o(i.HAL_GetTick)
    HAL_I2C_Init                             0x080022d1   Thumb Code   446  stm32f1xx_hal_i2c.o(i.HAL_I2C_Init)
    HAL_I2C_IsDeviceReady                    0x080024a1   Thumb Code   430  stm32f1xx_hal_i2c.o(i.HAL_I2C_IsDeviceReady)
    HAL_I2C_Master_Transmit                  0x08002659   Thumb Code   360  stm32f1xx_hal_i2c.o(i.HAL_I2C_Master_Transmit)
    HAL_I2C_MspInit                          0x080027c9   Thumb Code   104  stm32f1xx_hal_msp.o(i.HAL_I2C_MspInit)
    HAL_IncTick                              0x0800283d   Thumb Code    16  stm32f1xx_hal.o(i.HAL_IncTick)
    HAL_Init                                 0x08002855   Thumb Code    34  stm32f1xx_hal.o(i.HAL_Init)
    HAL_InitTick                             0x0800287d   Thumb Code    64  stm32f1xx_hal.o(i.HAL_InitTick)
    HAL_MspInit                              0x080028c9   Thumb Code    86  stm32f1xx_hal_msp.o(i.HAL_MspInit)
    HAL_NVIC_SetPriority                     0x08002929   Thumb Code   124  stm32f1xx_hal_cortex.o(i.HAL_NVIC_SetPriority)
    HAL_NVIC_SetPriorityGrouping             0x080029a5   Thumb Code    32  stm32f1xx_hal_cortex.o(i.HAL_NVIC_SetPriorityGrouping)
    HAL_RCCEx_GetPeriphCLKFreq               0x080029cd   Thumb Code   232  stm32f1xx_hal_rcc_ex.o(i.HAL_RCCEx_GetPeriphCLKFreq)
    HAL_RCCEx_PeriphCLKConfig                0x08002ac9   Thumb Code   290  stm32f1xx_hal_rcc_ex.o(i.HAL_RCCEx_PeriphCLKConfig)
    HAL_RCC_ClockConfig                      0x08002bf9   Thumb Code   376  stm32f1xx_hal_rcc.o(i.HAL_RCC_ClockConfig)
    HAL_RCC_GetHCLKFreq                      0x08002d85   Thumb Code     6  stm32f1xx_hal_rcc.o(i.HAL_RCC_GetHCLKFreq)
    HAL_RCC_GetPCLK1Freq                     0x08002d91   Thumb Code    22  stm32f1xx_hal_rcc.o(i.HAL_RCC_GetPCLK1Freq)
    HAL_RCC_GetPCLK2Freq                     0x08002db1   Thumb Code    22  stm32f1xx_hal_rcc.o(i.HAL_RCC_GetPCLK2Freq)
    HAL_RCC_GetSysClockFreq                  0x08002dd1   Thumb Code    92  stm32f1xx_hal_rcc.o(i.HAL_RCC_GetSysClockFreq)
    HAL_RCC_OscConfig                        0x08002e41   Thumb Code  1114  stm32f1xx_hal_rcc.o(i.HAL_RCC_OscConfig)
    HAL_SYSTICK_Config                       0x080032a5   Thumb Code    52  stm32f1xx_hal_cortex.o(i.HAL_SYSTICK_Config)
    HAL_TIMEx_MasterConfigSynchronization    0x080032d9   Thumb Code   118  stm32f1xx_hal_tim_ex.o(i.HAL_TIMEx_MasterConfigSynchronization)
    HAL_TIM_Base_Init                        0x0800335d   Thumb Code   102  stm32f1xx_hal_tim.o(i.HAL_TIM_Base_Init)
    HAL_TIM_Base_MspInit                     0x080033c5   Thumb Code    76  stm32f1xx_hal_msp.o(i.HAL_TIM_Base_MspInit)
    HAL_TIM_Base_Start                       0x08003419   Thumb Code    94  stm32f1xx_hal_tim.o(i.HAL_TIM_Base_Start)
    HAL_TIM_ConfigClockSource                0x08003485   Thumb Code   268  stm32f1xx_hal_tim.o(i.HAL_TIM_ConfigClockSource)
    HAL_TIM_MspPostInit                      0x08003591   Thumb Code    98  stm32f1xx_hal_msp.o(i.HAL_TIM_MspPostInit)
    HAL_TIM_PWM_ConfigChannel                0x08003601   Thumb Code   260  stm32f1xx_hal_tim.o(i.HAL_TIM_PWM_ConfigChannel)
    HAL_TIM_PWM_Init                         0x08003705   Thumb Code   102  stm32f1xx_hal_tim.o(i.HAL_TIM_PWM_Init)
    HAL_TIM_PWM_MspInit                      0x0800376b   Thumb Code     2  stm32f1xx_hal_tim.o(i.HAL_TIM_PWM_MspInit)
    HAL_TIM_PWM_Start                        0x0800376d   Thumb Code   198  stm32f1xx_hal_tim.o(i.HAL_TIM_PWM_Start)
    HAL_UART_Init                            0x08003841   Thumb Code   118  stm32f1xx_hal_uart.o(i.HAL_UART_Init)
    HAL_UART_MspInit                         0x080038b9   Thumb Code   122  stm32f1xx_hal_msp.o(i.HAL_UART_MspInit)
    HAL_UART_Transmit                        0x08003941   Thumb Code   190  stm32f1xx_hal_uart.o(i.HAL_UART_Transmit)
    HardFault_Handler                        0x080039ff   Thumb Code     4  stm32f1xx_it.o(i.HardFault_Handler)
    MemManage_Handler                        0x0800411d   Thumb Code     4  stm32f1xx_it.o(i.MemManage_Handler)
    NMI_Handler                              0x08004121   Thumb Code     4  stm32f1xx_it.o(i.NMI_Handler)
    SSD1306_DrawPixel                        0x0800414d   Thumb Code   152  ssd1306.o(i.SSD1306_DrawPixel)
    SSD1306_Fill                             0x080041ed   Thumb Code    26  ssd1306.o(i.SSD1306_Fill)
    SSD1306_GotoXY                           0x0800420d   Thumb Code     8  ssd1306.o(i.SSD1306_GotoXY)
    SSD1306_Init                             0x08004219   Thumb Code   360  ssd1306.o(i.SSD1306_Init)
    SSD1306_Putc                             0x0800438d   Thumb Code   164  ssd1306.o(i.SSD1306_Putc)
    SSD1306_Puts                             0x08004435   Thumb Code    42  ssd1306.o(i.SSD1306_Puts)
    SSD1306_UpdateScreen                     0x08004461   Thumb Code    68  ssd1306.o(i.SSD1306_UpdateScreen)
    StartTask01                              0x080044a9   Thumb Code    74  main.o(i.StartTask01)
    StartTask02                              0x08004509   Thumb Code   234  main.o(i.StartTask02)
    StartTask03                              0x08004659   Thumb Code    98  main.o(i.StartTask03)
    StartTask04                              0x080046d9   Thumb Code    72  main.o(i.StartTask04)
    StartTask05                              0x08004731   Thumb Code   294  main.o(i.StartTask05)
    SysTick_Handler                          0x0800488d   Thumb Code    20  stm32f1xx_it.o(i.SysTick_Handler)
    SystemClock_Config                       0x080048a1   Thumb Code   132  main.o(i.SystemClock_Config)
    SystemInit                               0x08004925   Thumb Code     2  system_stm32f1xx.o(i.SystemInit)
    TIM_Base_SetConfig                       0x08004929   Thumb Code   120  stm32f1xx_hal_tim.o(i.TIM_Base_SetConfig)
    TIM_CCxChannelCmd                        0x080049ad   Thumb Code    34  stm32f1xx_hal_tim.o(i.TIM_CCxChannelCmd)
    TIM_ETR_SetConfig                        0x080049cf   Thumb Code    22  stm32f1xx_hal_tim.o(i.TIM_ETR_SetConfig)
    TIM_OC2_SetConfig                        0x08004a59   Thumb Code   100  stm32f1xx_hal_tim.o(i.TIM_OC2_SetConfig)
    UsageFault_Handler                       0x08004db5   Thumb Code     4  stm32f1xx_it.o(i.UsageFault_Handler)
    __ARM_fpclassify                         0x08004db9   Thumb Code    40  fpclassify.o(i.__ARM_fpclassify)
    __ARM_fpclassifyf                        0x08004de1   Thumb Code    38  fpclassifyf.o(i.__ARM_fpclassifyf)
    __mathlib_flt_divzero                    0x08004e41   Thumb Code    10  funder.o(i.__mathlib_flt_divzero)
    __mathlib_flt_infnan2                    0x08004e4b   Thumb Code     4  funder.o(i.__mathlib_flt_infnan2)
    __mathlib_flt_invalid                    0x08004e4f   Thumb Code     8  funder.o(i.__mathlib_flt_invalid)
    __mathlib_flt_overflow                   0x08004e57   Thumb Code    10  funder.o(i.__mathlib_flt_overflow)
    __mathlib_flt_underflow                  0x08004e61   Thumb Code    10  funder.o(i.__mathlib_flt_underflow)
    _is_digit                                0x08004e6b   Thumb Code    14  __printf_wp.o(i._is_digit)
    calibrate_mq2                            0x08004e79   Thumb Code   102  mq2.o(i.calibrate_mq2)
    lora_send_sensor_value                   0x08004ef5   Thumb Code    90  lorasendvalue.o(i.lora_send_sensor_value)
    main                                     0x08004f75   Thumb Code   276  main.o(i.main)
    microDelay                               0x080050c9   Thumb Code    22  dht11.o(i.microDelay)
    mq2_get_ppm                              0x080050e5   Thumb Code    82  mq2.o(i.mq2_get_ppm)
    mq2_handle                               0x08005145   Thumb Code    90  mq2.o(i.mq2_handle)
    mq2_init                                 0x080051a9   Thumb Code    30  mq2.o(i.mq2_init)
    osDelay                                  0x080051c7   Thumb Code    24  cmsis_os.o(i.osDelay)
    osKernelStart                            0x080051df   Thumb Code    10  cmsis_os.o(i.osKernelStart)
    osMessageCreate                          0x080051e9   Thumb Code    40  cmsis_os.o(i.osMessageCreate)
    osMessageGet                             0x08005211   Thumb Code   150  cmsis_os.o(i.osMessageGet)
    osMessagePut                             0x080052ad   Thumb Code    92  cmsis_os.o(i.osMessagePut)
    osMutexCreate                            0x0800530d   Thumb Code    26  cmsis_os.o(i.osMutexCreate)
    osMutexRelease                           0x08005329   Thumb Code    76  cmsis_os.o(i.osMutexRelease)
    osMutexWait                              0x08005379   Thumb Code   100  cmsis_os.o(i.osMutexWait)
    osThreadCreate                           0x080053e1   Thumb Code    94  cmsis_os.o(i.osThreadCreate)
    __mathlib_powf                           0x08005441   Thumb Code     0  powf.o(i.powf)
    powf                                     0x08005441   Thumb Code  1548  powf.o(i.powf)
    pvPortMalloc                             0x08006099   Thumb Code   306  heap_4.o(i.pvPortMalloc)
    pvTaskIncrementMutexHeldCount            0x080061e5   Thumb Code    26  tasks.o(i.pvTaskIncrementMutexHeldCount)
    pxPortInitialiseStack                    0x08006205   Thumb Code    30  port.o(i.pxPortInitialiseStack)
    ssd1306_I2C_Write                        0x08006229   Thumb Code    34  ssd1306.o(i.ssd1306_I2C_Write)
    ssd1306_I2C_WriteMulti                   0x08006251   Thumb Code    62  ssd1306.o(i.ssd1306_I2C_WriteMulti)
    uxListRemove                             0x08006295   Thumb Code    40  list.o(i.uxListRemove)
    vApplicationGetIdleTaskMemory            0x080062bd   Thumb Code    14  freertos.o(i.vApplicationGetIdleTaskMemory)
    vListInitialise                          0x080062d5   Thumb Code    26  list.o(i.vListInitialise)
    vListInitialiseItem                      0x080062ef   Thumb Code     6  list.o(i.vListInitialiseItem)
    vListInsert                              0x080062f5   Thumb Code    52  list.o(i.vListInsert)
    vListInsertEnd                           0x08006329   Thumb Code    24  list.o(i.vListInsertEnd)
    vPortEnterCritical                       0x08006341   Thumb Code    76  port.o(i.vPortEnterCritical)
    vPortExitCritical                        0x08006395   Thumb Code    56  port.o(i.vPortExitCritical)
    vPortFree                                0x080063d1   Thumb Code   150  heap_4.o(i.vPortFree)
    vPortSetupTimerInterrupt                 0x08006475   Thumb Code    36  port.o(i.vPortSetupTimerInterrupt)
    vPortValidateInterruptPriority           0x0800649d   Thumb Code   106  port.o(i.vPortValidateInterruptPriority)
    vTaskDelay                               0x08006515   Thumb Code    82  tasks.o(i.vTaskDelay)
    vTaskInternalSetTimeOutState             0x08006571   Thumb Code    14  tasks.o(i.vTaskInternalSetTimeOutState)
    vTaskMissedYield                         0x08006589   Thumb Code     8  tasks.o(i.vTaskMissedYield)
    vTaskPlaceOnEventList                    0x08006595   Thumb Code    52  tasks.o(i.vTaskPlaceOnEventList)
    vTaskPriorityDisinheritAfterTimeout      0x080065cd   Thumb Code   216  tasks.o(i.vTaskPriorityDisinheritAfterTimeout)
    vTaskStartScheduler                      0x080066b1   Thumb Code   146  tasks.o(i.vTaskStartScheduler)
    vTaskSuspendAll                          0x08006761   Thumb Code    12  tasks.o(i.vTaskSuspendAll)
    vTaskSwitchContext                       0x08006771   Thumb Code   118  tasks.o(i.vTaskSwitchContext)
    xPortStartScheduler                      0x080067fd   Thumb Code   228  port.o(i.xPortStartScheduler)
    xPortSysTickHandler                      0x080068f5   Thumb Code    46  port.o(i.xPortSysTickHandler)
    xQueueCreateMutex                        0x08006929   Thumb Code    34  queue.o(i.xQueueCreateMutex)
    xQueueCreateMutexStatic                  0x0800694b   Thumb Code    42  queue.o(i.xQueueCreateMutexStatic)
    xQueueGenericCreate                      0x08006975   Thumb Code    90  queue.o(i.xQueueGenericCreate)
    xQueueGenericCreateStatic                0x080069cf   Thumb Code   224  queue.o(i.xQueueGenericCreateStatic)
    xQueueGenericReset                       0x08006ab1   Thumb Code   146  queue.o(i.xQueueGenericReset)
    xQueueGenericSend                        0x08006b49   Thumb Code   420  queue.o(i.xQueueGenericSend)
    xQueueGenericSendFromISR                 0x08006cf1   Thumb Code   252  queue.o(i.xQueueGenericSendFromISR)
    xQueueGiveFromISR                        0x08006ded   Thumb Code   224  queue.o(i.xQueueGiveFromISR)
    xQueueReceive                            0x08006ecd   Thumb Code   356  queue.o(i.xQueueReceive)
    xQueueReceiveFromISR                     0x08007035   Thumb Code   202  queue.o(i.xQueueReceiveFromISR)
    xQueueSemaphoreTake                      0x08007101   Thumb Code   434  queue.o(i.xQueueSemaphoreTake)
    xTaskCheckForTimeOut                     0x080072b9   Thumb Code   132  tasks.o(i.xTaskCheckForTimeOut)
    xTaskCreate                              0x08007345   Thumb Code   100  tasks.o(i.xTaskCreate)
    xTaskCreateStatic                        0x080073a9   Thumb Code   186  tasks.o(i.xTaskCreateStatic)
    xTaskGetSchedulerState                   0x08007465   Thumb Code    24  tasks.o(i.xTaskGetSchedulerState)
    xTaskIncrementTick                       0x08007485   Thumb Code   282  tasks.o(i.xTaskIncrementTick)
    xTaskPriorityDisinherit                  0x080075cd   Thumb Code   188  tasks.o(i.xTaskPriorityDisinherit)
    xTaskPriorityInherit                     0x08007695   Thumb Code   172  tasks.o(i.xTaskPriorityInherit)
    xTaskRemoveFromEventList                 0x0800774d   Thumb Code   128  tasks.o(i.xTaskRemoveFromEventList)
    xTaskResumeAll                           0x080077e5   Thumb Code   224  tasks.o(i.xTaskResumeAll)
    _get_lc_numeric                          0x080078e9   Thumb Code    44  lc_numeric_c.o(locale$$code)
    __aeabi_d2f                              0x08007915   Thumb Code     0  d2f.o(x$fpl$d2f)
    _d2f                                     0x08007915   Thumb Code    98  d2f.o(x$fpl$d2f)
    __aeabi_ddiv                             0x08007979   Thumb Code     0  ddiv.o(x$fpl$ddiv)
    _ddiv                                    0x08007979   Thumb Code   552  ddiv.o(x$fpl$ddiv)
    __aeabi_ui2d                             0x08007c29   Thumb Code     0  dflt_clz.o(x$fpl$dfltu)
    _dfltu                                   0x08007c29   Thumb Code    38  dflt_clz.o(x$fpl$dfltu)
    __fpl_dnaninf                            0x08007c4f   Thumb Code   156  dnaninf.o(x$fpl$dnaninf)
    __fpl_dretinf                            0x08007ceb   Thumb Code    12  dretinf.o(x$fpl$dretinf)
    __aeabi_f2d                              0x08007cf9   Thumb Code     0  f2d.o(x$fpl$f2d)
    _f2d                                     0x08007cf9   Thumb Code    86  f2d.o(x$fpl$f2d)
    __aeabi_fadd                             0x08007d51   Thumb Code     0  faddsub_clz.o(x$fpl$fadd)
    _fadd                                    0x08007d51   Thumb Code   196  faddsub_clz.o(x$fpl$fadd)
    __fpl_fcheck_NaN1                        0x08007e15   Thumb Code     6  fcheck1.o(x$fpl$fcheck1)
    __fpl_fcmp_Inf                           0x08007e21   Thumb Code    24  fcmpi.o(x$fpl$fcmpinf)
    __aeabi_fdiv                             0x08007e39   Thumb Code     0  fdiv.o(x$fpl$fdiv)
    _fdiv                                    0x08007e39   Thumb Code   384  fdiv.o(x$fpl$fdiv)
    _ffix_r                                  0x08007fbd   Thumb Code    82  ffix.o(x$fpl$ffixr)
    __aeabi_i2f                              0x08008011   Thumb Code     0  fflt_clz.o(x$fpl$fflt)
    _fflt                                    0x08008011   Thumb Code    48  fflt_clz.o(x$fpl$fflt)
    __aeabi_ui2f                             0x08008041   Thumb Code     0  fflt_clz.o(x$fpl$ffltu)
    _ffltu                                   0x08008041   Thumb Code    38  fflt_clz.o(x$fpl$ffltu)
    __aeabi_cfcmple                          0x08008069   Thumb Code     0  fleqf.o(x$fpl$fleqf)
    _fcmple                                  0x08008069   Thumb Code   104  fleqf.o(x$fpl$fleqf)
    __fpl_fcmple_InfNaN                      0x080080bb   Thumb Code     0  fleqf.o(x$fpl$fleqf)
    __aeabi_fmul                             0x080080d1   Thumb Code     0  fmul.o(x$fpl$fmul)
    _fmul                                    0x080080d1   Thumb Code   258  fmul.o(x$fpl$fmul)
    __fpl_fnaninf                            0x080081d3   Thumb Code   140  fnaninf.o(x$fpl$fnaninf)
    __fpl_fretinf                            0x0800825f   Thumb Code    10  fretinf.o(x$fpl$fretinf)
    __aeabi_cfrcmple                         0x08008269   Thumb Code     0  frleqf.o(x$fpl$frleqf)
    _frcmple                                 0x08008269   Thumb Code    98  frleqf.o(x$fpl$frleqf)
    __aeabi_frsub                            0x080082cb   Thumb Code     0  faddsub_clz.o(x$fpl$frsb)
    _frsb                                    0x080082cb   Thumb Code    20  faddsub_clz.o(x$fpl$frsb)
    __aeabi_fsub                             0x080082e1   Thumb Code     0  faddsub_clz.o(x$fpl$fsub)
    _fsub                                    0x080082e1   Thumb Code   234  faddsub_clz.o(x$fpl$fsub)
    _printf_fp_dec                           0x080083cb   Thumb Code     4  printf1.o(x$fpl$printf1)
    __fpl_return_NaN                         0x080083cf   Thumb Code   100  retnan.o(x$fpl$retnan)
    __ARM_scalbnf                            0x08008433   Thumb Code    76  scalbnf.o(x$fpl$scalbnf)
    __fpl_cmpreturn                          0x0800847f   Thumb Code    48  trapv.o(x$fpl$trapveneer)
    Font7x10                                 0x080084ae   Data        1900  fonts.o(.constdata)
    __I$use$fp                               0x080084ae   Number         0  usenofp.o(x$fpl$usenofp)
    Font11x18                                0x08008c1a   Data        3420  fonts.o(.constdata)
    Font16x26                                0x08009976   Data        4940  fonts.o(.constdata)
    AHBPrescTable                            0x0800ada4   Data          16  system_stm32f1xx.o(.constdata)
    APBPrescTable                            0x0800adb4   Data           8  system_stm32f1xx.o(.constdata)
    Region$$Table$$Base                      0x0800afb8   Number         0  anon$$obj.o(Region$$Table)
    Region$$Table$$Limit                     0x0800afd8   Number         0  anon$$obj.o(Region$$Table)
    RHI                                      0x20000000   Data           1  dht11.o(.data)
    RHD                                      0x20000001   Data           1  dht11.o(.data)
    TCI                                      0x20000002   Data           1  dht11.o(.data)
    TCD                                      0x20000003   Data           1  dht11.o(.data)
    SUM                                      0x20000004   Data           1  dht11.o(.data)
    tCelsius                                 0x20000008   Data           4  dht11.o(.data)
    tFahrenheit                              0x2000000c   Data           4  dht11.o(.data)
    RH                                       0x20000010   Data           4  dht11.o(.data)
    pMillis                                  0x20000014   Data           4  dht11.o(.data)
    cMillis                                  0x20000018   Data           4  dht11.o(.data)
    Font_7x10                                0x2000001c   Data           8  fonts.o(.data)
    Font_11x18                               0x20000024   Data           8  fonts.o(.data)
    Font_16x26                               0x2000002c   Data           8  fonts.o(.data)
    task01Handle                             0x2000003c   Data           4  main.o(.data)
    myQueue01Handle                          0x20000040   Data           4  main.o(.data)
    myMutexHandle                            0x20000044   Data           4  main.o(.data)
    task02Handle                             0x20000048   Data           4  main.o(.data)
    task03Handle                             0x2000004c   Data           4  main.o(.data)
    task04Handle                             0x20000050   Data           4  main.o(.data)
    task05Handle                             0x20000054   Data           4  main.o(.data)
    myQueue02Handle                          0x20000058   Data           4  main.o(.data)
    myQueue03Handle                          0x2000005c   Data           4  main.o(.data)
    uwTick                                   0x20000060   Data           4  stm32f1xx_hal.o(.data)
    uwTickPrio                               0x20000064   Data           4  stm32f1xx_hal.o(.data)
    uwTickFreq                               0x20000068   Data           1  stm32f1xx_hal.o(.data)
    SystemCoreClock                          0x2000006c   Data           4  system_stm32f1xx.o(.data)
    pxCurrentTCB                             0x20000070   Data           4  tasks.o(.data)
    hadc1                                    0x200004d8   Data          48  main.o(.bss)
    hi2c1                                    0x20000508   Data          84  main.o(.bss)
    htim1                                    0x2000055c   Data          72  main.o(.bss)
    htim2                                    0x200005a4   Data          72  main.o(.bss)
    huart1                                   0x200005ec   Data          72  main.o(.bss)
    mq2                                      0x20000634   Data          28  main.o(.bss)
    g_sensor_data                            0x20000650   Data          16  main.o(.bss)
    __libspace_start                         0x200045a4   Data          96  libspace.o(.bss)
    __temporary_stack_top$libspace           0x20004604   Data           0  libspace.o(.bss)



==============================================================================

Memory Map of the image

  Image Entry point : 0x080000ed

  Load Region LR_IROM1 (Base: 0x08000000, Size: 0x0000b0cc, Max: 0x00010000, ABSOLUTE)

    Execution Region ER_IROM1 (Exec base: 0x08000000, Load base: 0x08000000, Size: 0x0000aff4, Max: 0x00010000, ABSOLUTE)

    Exec Addr    Load Addr    Size         Type   Attr      Idx    E Section Name        Object

    0x08000000   0x08000000   0x000000ec   Data   RO            3    RESET               startup_stm32f103xb.o
    0x080000ec   0x080000ec   0x00000008   Code   RO         5365  * !!!main             c_w.l(__main.o)
    0x080000f4   0x080000f4   0x00000034   Code   RO         5674    !!!scatter          c_w.l(__scatter.o)
    0x08000128   0x08000128   0x0000001a   Code   RO         5676    !!handler_copy      c_w.l(__scatter_copy.o)
    0x08000142   0x08000142   0x00000002   PAD
    0x08000144   0x08000144   0x0000001c   Code   RO         5678    !!handler_zi        c_w.l(__scatter_zi.o)
    0x08000160   0x08000160   0x00000000   Code   RO         5350    .ARM.Collect$$_printf_percent$$00000000  c_w.l(_printf_percent.o)
    0x08000160   0x08000160   0x00000006   Code   RO         5349    .ARM.Collect$$_printf_percent$$00000003  c_w.l(_printf_f.o)
    0x08000166   0x08000166   0x00000006   Code   RO         5348    .ARM.Collect$$_printf_percent$$00000009  c_w.l(_printf_d.o)
    0x0800016c   0x0800016c   0x00000004   Code   RO         5428    .ARM.Collect$$_printf_percent$$00000017  c_w.l(_printf_percent_end.o)
    0x08000170   0x08000170   0x00000002   Code   RO         5543    .ARM.Collect$$libinit$$00000000  c_w.l(libinit.o)
    0x08000172   0x08000172   0x00000000   Code   RO         5545    .ARM.Collect$$libinit$$00000002  c_w.l(libinit2.o)
    0x08000172   0x08000172   0x00000000   Code   RO         5547    .ARM.Collect$$libinit$$00000004  c_w.l(libinit2.o)
    0x08000172   0x08000172   0x00000000   Code   RO         5550    .ARM.Collect$$libinit$$0000000A  c_w.l(libinit2.o)
    0x08000172   0x08000172   0x00000000   Code   RO         5552    .ARM.Collect$$libinit$$0000000C  c_w.l(libinit2.o)
    0x08000172   0x08000172   0x00000000   Code   RO         5554    .ARM.Collect$$libinit$$0000000E  c_w.l(libinit2.o)
    0x08000172   0x08000172   0x00000006   Code   RO         5555    .ARM.Collect$$libinit$$0000000F  c_w.l(libinit2.o)
    0x08000178   0x08000178   0x00000000   Code   RO         5557    .ARM.Collect$$libinit$$00000011  c_w.l(libinit2.o)
    0x08000178   0x08000178   0x00000000   Code   RO         5559    .ARM.Collect$$libinit$$00000013  c_w.l(libinit2.o)
    0x08000178   0x08000178   0x00000000   Code   RO         5561    .ARM.Collect$$libinit$$00000015  c_w.l(libinit2.o)
    0x08000178   0x08000178   0x0000000a   Code   RO         5562    .ARM.Collect$$libinit$$00000016  c_w.l(libinit2.o)
    0x08000182   0x08000182   0x00000000   Code   RO         5563    .ARM.Collect$$libinit$$00000017  c_w.l(libinit2.o)
    0x08000182   0x08000182   0x00000000   Code   RO         5565    .ARM.Collect$$libinit$$00000019  c_w.l(libinit2.o)
    0x08000182   0x08000182   0x00000000   Code   RO         5567    .ARM.Collect$$libinit$$0000001B  c_w.l(libinit2.o)
    0x08000182   0x08000182   0x00000000   Code   RO         5569    .ARM.Collect$$libinit$$0000001D  c_w.l(libinit2.o)
    0x08000182   0x08000182   0x00000000   Code   RO         5571    .ARM.Collect$$libinit$$0000001F  c_w.l(libinit2.o)
    0x08000182   0x08000182   0x00000000   Code   RO         5573    .ARM.Collect$$libinit$$00000021  c_w.l(libinit2.o)
    0x08000182   0x08000182   0x00000000   Code   RO         5575    .ARM.Collect$$libinit$$00000023  c_w.l(libinit2.o)
    0x08000182   0x08000182   0x00000000   Code   RO         5577    .ARM.Collect$$libinit$$00000025  c_w.l(libinit2.o)
    0x08000182   0x08000182   0x00000000   Code   RO         5581    .ARM.Collect$$libinit$$0000002C  c_w.l(libinit2.o)
    0x08000182   0x08000182   0x00000000   Code   RO         5583    .ARM.Collect$$libinit$$0000002E  c_w.l(libinit2.o)
    0x08000182   0x08000182   0x00000000   Code   RO         5585    .ARM.Collect$$libinit$$00000030  c_w.l(libinit2.o)
    0x08000182   0x08000182   0x00000000   Code   RO         5587    .ARM.Collect$$libinit$$00000032  c_w.l(libinit2.o)
    0x08000182   0x08000182   0x00000002   Code   RO         5588    .ARM.Collect$$libinit$$00000033  c_w.l(libinit2.o)
    0x08000184   0x08000184   0x00000002   Code   RO         5622    .ARM.Collect$$libshutdown$$00000000  c_w.l(libshutdown.o)
    0x08000186   0x08000186   0x00000000   Code   RO         5633    .ARM.Collect$$libshutdown$$00000002  c_w.l(libshutdown2.o)
    0x08000186   0x08000186   0x00000000   Code   RO         5635    .ARM.Collect$$libshutdown$$00000004  c_w.l(libshutdown2.o)
    0x08000186   0x08000186   0x00000000   Code   RO         5638    .ARM.Collect$$libshutdown$$00000007  c_w.l(libshutdown2.o)
    0x08000186   0x08000186   0x00000000   Code   RO         5641    .ARM.Collect$$libshutdown$$0000000A  c_w.l(libshutdown2.o)
    0x08000186   0x08000186   0x00000000   Code   RO         5643    .ARM.Collect$$libshutdown$$0000000C  c_w.l(libshutdown2.o)
    0x08000186   0x08000186   0x00000000   Code   RO         5646    .ARM.Collect$$libshutdown$$0000000F  c_w.l(libshutdown2.o)
    0x08000186   0x08000186   0x00000002   Code   RO         5647    .ARM.Collect$$libshutdown$$00000010  c_w.l(libshutdown2.o)
    0x08000188   0x08000188   0x00000000   Code   RO         5415    .ARM.Collect$$rtentry$$00000000  c_w.l(__rtentry.o)
    0x08000188   0x08000188   0x00000000   Code   RO         5467    .ARM.Collect$$rtentry$$00000002  c_w.l(__rtentry2.o)
    0x08000188   0x08000188   0x00000006   Code   RO         5479    .ARM.Collect$$rtentry$$00000004  c_w.l(__rtentry4.o)
    0x0800018e   0x0800018e   0x00000000   Code   RO         5469    .ARM.Collect$$rtentry$$00000009  c_w.l(__rtentry2.o)
    0x0800018e   0x0800018e   0x00000004   Code   RO         5470    .ARM.Collect$$rtentry$$0000000A  c_w.l(__rtentry2.o)
    0x08000192   0x08000192   0x00000000   Code   RO         5472    .ARM.Collect$$rtentry$$0000000C  c_w.l(__rtentry2.o)
    0x08000192   0x08000192   0x00000008   Code   RO         5473    .ARM.Collect$$rtentry$$0000000D  c_w.l(__rtentry2.o)
    0x0800019a   0x0800019a   0x00000002   Code   RO         5591    .ARM.Collect$$rtexit$$00000000  c_w.l(rtexit.o)
    0x0800019c   0x0800019c   0x00000000   Code   RO         5600    .ARM.Collect$$rtexit$$00000002  c_w.l(rtexit2.o)
    0x0800019c   0x0800019c   0x00000004   Code   RO         5601    .ARM.Collect$$rtexit$$00000003  c_w.l(rtexit2.o)
    0x080001a0   0x080001a0   0x00000006   Code   RO         5602    .ARM.Collect$$rtexit$$00000004  c_w.l(rtexit2.o)
    0x080001a6   0x080001a6   0x00000002   PAD
    0x080001a8   0x080001a8   0x00000096   Code   RO         5235    .emb_text           port.o
    0x0800023e   0x0800023e   0x00000002   PAD
    0x08000240   0x08000240   0x00000040   Code   RO            4    .text               startup_stm32f103xb.o
    0x08000280   0x08000280   0x0000002c   Code   RO         5316    .text               c_w.l(__2sprintf.o)
    0x080002ac   0x080002ac   0x00000038   Code   RO         5318    .text               c_w.l(__2snprintf.o)
    0x080002e4   0x080002e4   0x00000078   Code   RO         5326    .text               c_w.l(_printf_dec.o)
    0x0800035c   0x0800035c   0x0000010e   Code   RO         5336    .text               c_w.l(__printf_wp.o)
    0x0800046a   0x0800046a   0x0000008a   Code   RO         5353    .text               c_w.l(rt_memcpy_v6.o)
    0x080004f4   0x080004f4   0x00000064   Code   RO         5355    .text               c_w.l(rt_memcpy_w.o)
    0x08000558   0x08000558   0x00000010   Code   RO         5359    .text               c_w.l(aeabi_memset.o)
    0x08000568   0x08000568   0x0000004e   Code   RO         5361    .text               c_w.l(rt_memclr_w.o)
    0x080005b6   0x080005b6   0x00000006   Code   RO         5363    .text               c_w.l(heapauxi.o)
    0x080005bc   0x080005bc   0x00000016   Code   RO         5416    .text               c_w.l(_rserrno.o)
    0x080005d2   0x080005d2   0x000000b2   Code   RO         5418    .text               c_w.l(_printf_intcommon.o)
    0x08000684   0x08000684   0x0000041e   Code   RO         5420    .text               c_w.l(_printf_fp_dec.o)
    0x08000aa2   0x08000aa2   0x00000002   PAD
    0x08000aa4   0x08000aa4   0x00000030   Code   RO         5422    .text               c_w.l(_printf_char_common.o)
    0x08000ad4   0x08000ad4   0x0000000a   Code   RO         5424    .text               c_w.l(_sputc.o)
    0x08000ade   0x08000ade   0x00000010   Code   RO         5426    .text               c_w.l(_snputc.o)
    0x08000aee   0x08000aee   0x00000044   Code   RO         5429    .text               c_w.l(rt_memclr.o)
    0x08000b32   0x08000b32   0x00000002   PAD
    0x08000b34   0x08000b34   0x00000008   Code   RO         5484    .text               c_w.l(rt_locale_intlibspace.o)
    0x08000b3c   0x08000b3c   0x00000008   Code   RO         5489    .text               c_w.l(rt_errno_addr_intlibspace.o)
    0x08000b44   0x08000b44   0x0000008a   Code   RO         5491    .text               c_w.l(lludiv10.o)
    0x08000bce   0x08000bce   0x00000002   PAD
    0x08000bd0   0x08000bd0   0x00000080   Code   RO         5493    .text               c_w.l(_printf_fp_infnan.o)
    0x08000c50   0x08000c50   0x000000e4   Code   RO         5497    .text               c_w.l(bigflt0.o)
    0x08000d34   0x08000d34   0x00000008   Code   RO         5529    .text               c_w.l(libspace.o)
    0x08000d3c   0x08000d3c   0x0000004a   Code   RO         5532    .text               c_w.l(sys_stackheap_outer.o)
    0x08000d86   0x08000d86   0x00000012   Code   RO         5534    .text               c_w.l(exit.o)
    0x08000d98   0x08000d98   0x00000080   Code   RO         5536    .text               c_w.l(strcmpv7m.o)
    0x08000e18   0x08000e18   0x0000000c   Code   RO         5612    .text               c_w.l(sys_exit.o)
    0x08000e24   0x08000e24   0x00000002   Code   RO         5623    .text               c_w.l(use_no_semi.o)
    0x08000e26   0x08000e26   0x00000000   Code   RO         5625    .text               c_w.l(indicate_semi.o)
    0x08000e26   0x08000e26   0x0000003e   Code   RO         5500    CL$$btod_d2e        c_w.l(btod.o)
    0x08000e64   0x08000e64   0x00000046   Code   RO         5502    CL$$btod_d2e_denorm_low  c_w.l(btod.o)
    0x08000eaa   0x08000eaa   0x00000060   Code   RO         5501    CL$$btod_d2e_norm_op1  c_w.l(btod.o)
    0x08000f0a   0x08000f0a   0x00000338   Code   RO         5510    CL$$btod_div_common  c_w.l(btod.o)
    0x08001242   0x08001242   0x000000dc   Code   RO         5507    CL$$btod_e2e        c_w.l(btod.o)
    0x0800131e   0x0800131e   0x0000002a   Code   RO         5504    CL$$btod_ediv       c_w.l(btod.o)
    0x08001348   0x08001348   0x0000002a   Code   RO         5503    CL$$btod_emul       c_w.l(btod.o)
    0x08001372   0x08001372   0x00000244   Code   RO         5509    CL$$btod_mult_common  c_w.l(btod.o)
    0x080015b6   0x080015b6   0x0000005c   Code   RO          842    i.ADC_ConversionStop_Disable  stm32f1xx_hal_adc.o
    0x08001612   0x08001612   0x00000002   PAD
    0x08001614   0x08001614   0x00000090   Code   RO          846    i.ADC_Enable        stm32f1xx_hal_adc.o
    0x080016a4   0x080016a4   0x00000004   Code   RO          665    i.BusFault_Handler  stm32f1xx_it.o
    0x080016a8   0x080016a8   0x00000128   Code   RO           13    i.DHT11_GetData     dht11.o
    0x080017d0   0x080017d0   0x000000b4   Code   RO           14    i.DHT11_Read        dht11.o
    0x08001884   0x08001884   0x000000c8   Code   RO           15    i.DHT11_Start       dht11.o
    0x0800194c   0x0800194c   0x00000002   Code   RO          666    i.DebugMon_Handler  stm32f1xx_it.o
    0x0800194e   0x0800194e   0x00000006   Code   RO          522    i.Error_Handler     main.o
    0x08001954   0x08001954   0x00000160   Code   RO          848    i.HAL_ADC_ConfigChannel  stm32f1xx_hal_adc.o
    0x08001ab4   0x08001ab4   0x00000008   Code   RO          855    i.HAL_ADC_GetValue  stm32f1xx_hal_adc.o
    0x08001abc   0x08001abc   0x00000144   Code   RO          857    i.HAL_ADC_Init      stm32f1xx_hal_adc.o
    0x08001c00   0x08001c00   0x00000070   Code   RO          729    i.HAL_ADC_MspInit   stm32f1xx_hal_msp.o
    0x08001c70   0x08001c70   0x00000180   Code   RO          861    i.HAL_ADC_PollForConversion  stm32f1xx_hal_adc.o
    0x08001df0   0x08001df0   0x00000130   Code   RO          863    i.HAL_ADC_Start     stm32f1xx_hal_adc.o
    0x08001f20   0x08001f20   0x00000040   Code   RO          866    i.HAL_ADC_Stop      stm32f1xx_hal_adc.o
    0x08001f60   0x08001f60   0x00000028   Code   RO         1125    i.HAL_Delay         stm32f1xx_hal.o
    0x08001f88   0x08001f88   0x00000320   Code   RO         1440    i.HAL_GPIO_Init     stm32f1xx_hal_gpio.o
    0x080022a8   0x080022a8   0x00000010   Code   RO         1442    i.HAL_GPIO_ReadPin  stm32f1xx_hal_gpio.o
    0x080022b8   0x080022b8   0x0000000c   Code   RO         1444    i.HAL_GPIO_WritePin  stm32f1xx_hal_gpio.o
    0x080022c4   0x080022c4   0x0000000c   Code   RO         1129    i.HAL_GetTick       stm32f1xx_hal.o
    0x080022d0   0x080022d0   0x000001d0   Code   RO         2137    i.HAL_I2C_Init      stm32f1xx_hal_i2c.o
    0x080024a0   0x080024a0   0x000001b8   Code   RO         2138    i.HAL_I2C_IsDeviceReady  stm32f1xx_hal_i2c.o
    0x08002658   0x08002658   0x00000170   Code   RO         2150    i.HAL_I2C_Master_Transmit  stm32f1xx_hal_i2c.o
    0x080027c8   0x080027c8   0x00000074   Code   RO          731    i.HAL_I2C_MspInit   stm32f1xx_hal_msp.o
    0x0800283c   0x0800283c   0x00000018   Code   RO         1135    i.HAL_IncTick       stm32f1xx_hal.o
    0x08002854   0x08002854   0x00000028   Code   RO         1136    i.HAL_Init          stm32f1xx_hal.o
    0x0800287c   0x0800287c   0x0000004c   Code   RO         1137    i.HAL_InitTick      stm32f1xx_hal.o
    0x080028c8   0x080028c8   0x00000060   Code   RO          732    i.HAL_MspInit       stm32f1xx_hal_msp.o
    0x08002928   0x08002928   0x0000007c   Code   RO         1606    i.HAL_NVIC_SetPriority  stm32f1xx_hal_cortex.o
    0x080029a4   0x080029a4   0x00000028   Code   RO         1607    i.HAL_NVIC_SetPriorityGrouping  stm32f1xx_hal_cortex.o
    0x080029cc   0x080029cc   0x000000fc   Code   RO         1401    i.HAL_RCCEx_GetPeriphCLKFreq  stm32f1xx_hal_rcc_ex.o
    0x08002ac8   0x08002ac8   0x00000130   Code   RO         1402    i.HAL_RCCEx_PeriphCLKConfig  stm32f1xx_hal_rcc_ex.o
    0x08002bf8   0x08002bf8   0x0000018c   Code   RO         1293    i.HAL_RCC_ClockConfig  stm32f1xx_hal_rcc.o
    0x08002d84   0x08002d84   0x0000000c   Code   RO         1298    i.HAL_RCC_GetHCLKFreq  stm32f1xx_hal_rcc.o
    0x08002d90   0x08002d90   0x00000020   Code   RO         1300    i.HAL_RCC_GetPCLK1Freq  stm32f1xx_hal_rcc.o
    0x08002db0   0x08002db0   0x00000020   Code   RO         1301    i.HAL_RCC_GetPCLK2Freq  stm32f1xx_hal_rcc.o
    0x08002dd0   0x08002dd0   0x00000070   Code   RO         1302    i.HAL_RCC_GetSysClockFreq  stm32f1xx_hal_rcc.o
    0x08002e40   0x08002e40   0x00000464   Code   RO         1305    i.HAL_RCC_OscConfig  stm32f1xx_hal_rcc.o
    0x080032a4   0x080032a4   0x00000034   Code   RO         1611    i.HAL_SYSTICK_Config  stm32f1xx_hal_cortex.o
    0x080032d8   0x080032d8   0x00000084   Code   RO         3339    i.HAL_TIMEx_MasterConfigSynchronization  stm32f1xx_hal_tim_ex.o
    0x0800335c   0x0800335c   0x00000066   Code   RO         2605    i.HAL_TIM_Base_Init  stm32f1xx_hal_tim.o
    0x080033c2   0x080033c2   0x00000002   PAD
    0x080033c4   0x080033c4   0x00000054   Code   RO          734    i.HAL_TIM_Base_MspInit  stm32f1xx_hal_msp.o
    0x08003418   0x08003418   0x0000006c   Code   RO         2608    i.HAL_TIM_Base_Start  stm32f1xx_hal_tim.o
    0x08003484   0x08003484   0x0000010c   Code   RO         2614    i.HAL_TIM_ConfigClockSource  stm32f1xx_hal_tim.o
    0x08003590   0x08003590   0x00000070   Code   RO          735    i.HAL_TIM_MspPostInit  stm32f1xx_hal_msp.o
    0x08003600   0x08003600   0x00000104   Code   RO         2677    i.HAL_TIM_PWM_ConfigChannel  stm32f1xx_hal_tim.o
    0x08003704   0x08003704   0x00000066   Code   RO         2680    i.HAL_TIM_PWM_Init  stm32f1xx_hal_tim.o
    0x0800376a   0x0800376a   0x00000002   Code   RO         2682    i.HAL_TIM_PWM_MspInit  stm32f1xx_hal_tim.o
    0x0800376c   0x0800376c   0x000000d4   Code   RO         2685    i.HAL_TIM_PWM_Start  stm32f1xx_hal_tim.o
    0x08003840   0x08003840   0x00000076   Code   RO         3617    i.HAL_UART_Init     stm32f1xx_hal_uart.o
    0x080038b6   0x080038b6   0x00000002   PAD
    0x080038b8   0x080038b8   0x00000088   Code   RO          737    i.HAL_UART_MspInit  stm32f1xx_hal_msp.o
    0x08003940   0x08003940   0x000000be   Code   RO         3625    i.HAL_UART_Transmit  stm32f1xx_hal_uart.o
    0x080039fe   0x080039fe   0x00000004   Code   RO          667    i.HardFault_Handler  stm32f1xx_it.o
    0x08003a02   0x08003a02   0x0000003e   Code   RO         2181    i.I2C_IsAcknowledgeFailed  stm32f1xx_hal_i2c.o
    0x08003a40   0x08003a40   0x000000c0   Code   RO         2185    i.I2C_MasterRequestWrite  stm32f1xx_hal_i2c.o
    0x08003b00   0x08003b00   0x00000066   Code   RO         2201    i.I2C_WaitOnBTFFlagUntilTimeout  stm32f1xx_hal_i2c.o
    0x08003b66   0x08003b66   0x000000be   Code   RO         2202    i.I2C_WaitOnFlagUntilTimeout  stm32f1xx_hal_i2c.o
    0x08003c24   0x08003c24   0x000000fa   Code   RO         2203    i.I2C_WaitOnMasterAddressFlagUntilTimeout  stm32f1xx_hal_i2c.o
    0x08003d1e   0x08003d1e   0x00000066   Code   RO         2207    i.I2C_WaitOnTXEFlagUntilTimeout  stm32f1xx_hal_i2c.o
    0x08003d84   0x08003d84   0x00000064   Code   RO          221    i.MQ2_CalcRs        mq2.o
    0x08003de8   0x08003de8   0x00000056   Code   RO          222    i.MQ2_ReadADC       mq2.o
    0x08003e3e   0x08003e3e   0x00000002   PAD
    0x08003e40   0x08003e40   0x0000005c   Code   RO          523    i.MX_ADC1_Init      main.o
    0x08003e9c   0x08003e9c   0x000000fc   Code   RO          524    i.MX_GPIO_Init      main.o
    0x08003f98   0x08003f98   0x0000003c   Code   RO          525    i.MX_I2C1_Init      main.o
    0x08003fd4   0x08003fd4   0x00000070   Code   RO          526    i.MX_TIM1_Init      main.o
    0x08004044   0x08004044   0x000000a0   Code   RO          527    i.MX_TIM2_Init      main.o
    0x080040e4   0x080040e4   0x00000038   Code   RO          528    i.MX_USART1_UART_Init  main.o
    0x0800411c   0x0800411c   0x00000004   Code   RO          668    i.MemManage_Handler  stm32f1xx_it.o
    0x08004120   0x08004120   0x00000004   Code   RO          669    i.NMI_Handler       stm32f1xx_it.o
    0x08004124   0x08004124   0x00000028   Code   RO         1306    i.RCC_Delay         stm32f1xx_hal_rcc.o
    0x0800414c   0x0800414c   0x000000a0   Code   RO          329    i.SSD1306_DrawPixel  ssd1306.o
    0x080041ec   0x080041ec   0x00000020   Code   RO          332    i.SSD1306_Fill      ssd1306.o
    0x0800420c   0x0800420c   0x0000000c   Code   RO          333    i.SSD1306_GotoXY    ssd1306.o
    0x08004218   0x08004218   0x00000174   Code   RO          334    i.SSD1306_Init      ssd1306.o
    0x0800438c   0x0800438c   0x000000a8   Code   RO          338    i.SSD1306_Putc      ssd1306.o
    0x08004434   0x08004434   0x0000002a   Code   RO          339    i.SSD1306_Puts      ssd1306.o
    0x0800445e   0x0800445e   0x00000002   PAD
    0x08004460   0x08004460   0x00000048   Code   RO          346    i.SSD1306_UpdateScreen  ssd1306.o
    0x080044a8   0x080044a8   0x00000060   Code   RO          529    i.StartTask01       main.o
    0x08004508   0x08004508   0x00000150   Code   RO          530    i.StartTask02       main.o
    0x08004658   0x08004658   0x00000080   Code   RO          531    i.StartTask03       main.o
    0x080046d8   0x080046d8   0x00000058   Code   RO          532    i.StartTask04       main.o
    0x08004730   0x08004730   0x0000015c   Code   RO          533    i.StartTask05       main.o
    0x0800488c   0x0800488c   0x00000014   Code   RO          670    i.SysTick_Handler   stm32f1xx_it.o
    0x080048a0   0x080048a0   0x00000084   Code   RO          534    i.SystemClock_Config  main.o
    0x08004924   0x08004924   0x00000002   Code   RO         3961    i.SystemInit        system_stm32f1xx.o
    0x08004926   0x08004926   0x00000002   PAD
    0x08004928   0x08004928   0x00000084   Code   RO         2698    i.TIM_Base_SetConfig  stm32f1xx_hal_tim.o
    0x080049ac   0x080049ac   0x00000022   Code   RO         2699    i.TIM_CCxChannelCmd  stm32f1xx_hal_tim.o
    0x080049ce   0x080049ce   0x00000016   Code   RO         2709    i.TIM_ETR_SetConfig  stm32f1xx_hal_tim.o
    0x080049e4   0x080049e4   0x00000012   Code   RO         2710    i.TIM_ITRx_SetConfig  stm32f1xx_hal_tim.o
    0x080049f6   0x080049f6   0x00000002   PAD
    0x080049f8   0x080049f8   0x00000060   Code   RO         2711    i.TIM_OC1_SetConfig  stm32f1xx_hal_tim.o
    0x08004a58   0x08004a58   0x00000068   Code   RO         2712    i.TIM_OC2_SetConfig  stm32f1xx_hal_tim.o
    0x08004ac0   0x08004ac0   0x00000068   Code   RO         2713    i.TIM_OC3_SetConfig  stm32f1xx_hal_tim.o
    0x08004b28   0x08004b28   0x00000048   Code   RO         2714    i.TIM_OC4_SetConfig  stm32f1xx_hal_tim.o
    0x08004b70   0x08004b70   0x00000026   Code   RO         2716    i.TIM_TI1_ConfigInputStage  stm32f1xx_hal_tim.o
    0x08004b96   0x08004b96   0x00000028   Code   RO         2718    i.TIM_TI2_ConfigInputStage  stm32f1xx_hal_tim.o
    0x08004bbe   0x08004bbe   0x0000006c   Code   RO         3640    i.UART_EndRxTransfer  stm32f1xx_hal_uart.o
    0x08004c2a   0x08004c2a   0x00000002   PAD
    0x08004c2c   0x08004c2c   0x000000fc   Code   RO         3644    i.UART_SetConfig    stm32f1xx_hal_uart.o
    0x08004d28   0x08004d28   0x0000008c   Code   RO         3648    i.UART_WaitOnFlagUntilTimeout  stm32f1xx_hal_uart.o
    0x08004db4   0x08004db4   0x00000004   Code   RO          671    i.UsageFault_Handler  stm32f1xx_it.o
    0x08004db8   0x08004db8   0x00000028   Code   RO         5527    i.__ARM_fpclassify  m_ws.l(fpclassify.o)
    0x08004de0   0x08004de0   0x00000026   Code   RO         5450    i.__ARM_fpclassifyf  m_ws.l(fpclassifyf.o)
    0x08004e06   0x08004e06   0x00000002   PAD
    0x08004e08   0x08004e08   0x00000010   Code   RO         1613    i.__NVIC_GetPriorityGrouping  stm32f1xx_hal_cortex.o
    0x08004e18   0x08004e18   0x00000028   Code   RO         1614    i.__NVIC_SetPriority  stm32f1xx_hal_cortex.o
    0x08004e40   0x08004e40   0x0000000a   Code   RO         5452    i.__mathlib_flt_divzero  m_ws.l(funder.o)
    0x08004e4a   0x08004e4a   0x00000004   Code   RO         5454    i.__mathlib_flt_infnan2  m_ws.l(funder.o)
    0x08004e4e   0x08004e4e   0x00000008   Code   RO         5455    i.__mathlib_flt_invalid  m_ws.l(funder.o)
    0x08004e56   0x08004e56   0x0000000a   Code   RO         5456    i.__mathlib_flt_overflow  m_ws.l(funder.o)
    0x08004e60   0x08004e60   0x0000000a   Code   RO         5458    i.__mathlib_flt_underflow  m_ws.l(funder.o)
    0x08004e6a   0x08004e6a   0x0000000e   Code   RO         5338    i._is_digit         c_w.l(__printf_wp.o)
    0x08004e78   0x08004e78   0x0000006c   Code   RO          223    i.calibrate_mq2     mq2.o
    0x08004ee4   0x08004ee4   0x00000010   Code   RO         4799    i.inHandlerMode     cmsis_os.o
    0x08004ef4   0x08004ef4   0x00000080   Code   RO          190    i.lora_send_sensor_value  lorasendvalue.o
    0x08004f74   0x08004f74   0x00000144   Code   RO          535    i.main              main.o
    0x080050b8   0x080050b8   0x0000000e   Code   RO         4801    i.makeFreeRtosPriority  cmsis_os.o
    0x080050c6   0x080050c6   0x00000002   PAD
    0x080050c8   0x080050c8   0x0000001c   Code   RO           16    i.microDelay        dht11.o
    0x080050e4   0x080050e4   0x00000060   Code   RO          224    i.mq2_get_ppm       mq2.o
    0x08005144   0x08005144   0x00000064   Code   RO          225    i.mq2_handle        mq2.o
    0x080051a8   0x080051a8   0x0000001e   Code   RO          226    i.mq2_init          mq2.o
    0x080051c6   0x080051c6   0x00000018   Code   RO         4803    i.osDelay           cmsis_os.o
    0x080051de   0x080051de   0x0000000a   Code   RO         4806    i.osKernelStart     cmsis_os.o
    0x080051e8   0x080051e8   0x00000028   Code   RO         4815    i.osMessageCreate   cmsis_os.o
    0x08005210   0x08005210   0x0000009c   Code   RO         4817    i.osMessageGet      cmsis_os.o
    0x080052ac   0x080052ac   0x00000060   Code   RO         4819    i.osMessagePut      cmsis_os.o
    0x0800530c   0x0800530c   0x0000001a   Code   RO         4821    i.osMutexCreate     cmsis_os.o
    0x08005326   0x08005326   0x00000002   PAD
    0x08005328   0x08005328   0x00000050   Code   RO         4823    i.osMutexRelease    cmsis_os.o
    0x08005378   0x08005378   0x00000068   Code   RO         4824    i.osMutexWait       cmsis_os.o
    0x080053e0   0x080053e0   0x0000005e   Code   RO         4840    i.osThreadCreate    cmsis_os.o
    0x0800543e   0x0800543e   0x00000002   PAD
    0x08005440   0x08005440   0x00000620   Code   RO         5406    i.powf              m_ws.l(powf.o)
    0x08005a60   0x08005a60   0x00000098   Code   RO         4472    i.prvAddCurrentTaskToDelayedList  tasks.o
    0x08005af8   0x08005af8   0x000000b4   Code   RO         4473    i.prvAddNewTaskToReadyList  tasks.o
    0x08005bac   0x08005bac   0x00000048   Code   RO         4474    i.prvCheckTasksWaitingTermination  tasks.o
    0x08005bf4   0x08005bf4   0x0000002a   Code   RO         4138    i.prvCopyDataFromQueue  queue.o
    0x08005c1e   0x08005c1e   0x0000007e   Code   RO         4139    i.prvCopyDataToQueue  queue.o
    0x08005c9c   0x08005c9c   0x00000050   Code   RO         4475    i.prvDeleteTCB      tasks.o
    0x08005cec   0x08005cec   0x00000014   Code   RO         4140    i.prvGetDisinheritPriorityAfterTimeout  queue.o
    0x08005d00   0x08005d00   0x0000007c   Code   RO         5168    i.prvHeapInit       heap_4.o
    0x08005d7c   0x08005d7c   0x00000028   Code   RO         4476    i.prvIdleTask       tasks.o
    0x08005da4   0x08005da4   0x0000001e   Code   RO         4141    i.prvInitialiseMutex  queue.o
    0x08005dc2   0x08005dc2   0x00000026   Code   RO         4142    i.prvInitialiseNewQueue  queue.o
    0x08005de8   0x08005de8   0x000000b4   Code   RO         4477    i.prvInitialiseNewTask  tasks.o
    0x08005e9c   0x08005e9c   0x00000068   Code   RO         4478    i.prvInitialiseTaskLists  tasks.o
    0x08005f04   0x08005f04   0x00000068   Code   RO         5169    i.prvInsertBlockIntoFreeList  heap_4.o
    0x08005f6c   0x08005f6c   0x0000001a   Code   RO         4143    i.prvIsQueueEmpty   queue.o
    0x08005f86   0x08005f86   0x0000001e   Code   RO         4144    i.prvIsQueueFull    queue.o
    0x08005fa4   0x08005fa4   0x00000034   Code   RO         4479    i.prvResetNextTaskUnblockTime  tasks.o
    0x08005fd8   0x08005fd8   0x00000040   Code   RO         5236    i.prvTaskExitError  port.o
    0x08006018   0x08006018   0x0000007e   Code   RO         4145    i.prvUnlockQueue    queue.o
    0x08006096   0x08006096   0x00000002   PAD
    0x08006098   0x08006098   0x0000014c   Code   RO         5170    i.pvPortMalloc      heap_4.o
    0x080061e4   0x080061e4   0x00000020   Code   RO         4481    i.pvTaskIncrementMutexHeldCount  tasks.o
    0x08006204   0x08006204   0x00000024   Code   RO         5237    i.pxPortInitialiseStack  port.o
    0x08006228   0x08006228   0x00000028   Code   RO          348    i.ssd1306_I2C_Write  ssd1306.o
    0x08006250   0x08006250   0x00000044   Code   RO          349    i.ssd1306_I2C_WriteMulti  ssd1306.o
    0x08006294   0x08006294   0x00000028   Code   RO         4098    i.uxListRemove      list.o
    0x080062bc   0x080062bc   0x00000018   Code   RO          631    i.vApplicationGetIdleTaskMemory  freertos.o
    0x080062d4   0x080062d4   0x0000001a   Code   RO         4099    i.vListInitialise   list.o
    0x080062ee   0x080062ee   0x00000006   Code   RO         4100    i.vListInitialiseItem  list.o
    0x080062f4   0x080062f4   0x00000034   Code   RO         4101    i.vListInsert       list.o
    0x08006328   0x08006328   0x00000018   Code   RO         4102    i.vListInsertEnd    list.o
    0x08006340   0x08006340   0x00000054   Code   RO         5239    i.vPortEnterCritical  port.o
    0x08006394   0x08006394   0x0000003c   Code   RO         5240    i.vPortExitCritical  port.o
    0x080063d0   0x080063d0   0x000000a4   Code   RO         5171    i.vPortFree         heap_4.o
    0x08006474   0x08006474   0x00000028   Code   RO         5241    i.vPortSetupTimerInterrupt  port.o
    0x0800649c   0x0800649c   0x00000078   Code   RO         5242    i.vPortValidateInterruptPriority  port.o
    0x08006514   0x08006514   0x0000005c   Code   RO         4488    i.vTaskDelay        tasks.o
    0x08006570   0x08006570   0x00000018   Code   RO         4491    i.vTaskInternalSetTimeOutState  tasks.o
    0x08006588   0x08006588   0x0000000c   Code   RO         4492    i.vTaskMissedYield  tasks.o
    0x08006594   0x08006594   0x00000038   Code   RO         4494    i.vTaskPlaceOnEventList  tasks.o
    0x080065cc   0x080065cc   0x000000e4   Code   RO         4496    i.vTaskPriorityDisinheritAfterTimeout  tasks.o
    0x080066b0   0x080066b0   0x000000b0   Code   RO         4501    i.vTaskStartScheduler  tasks.o
    0x08006760   0x08006760   0x00000010   Code   RO         4503    i.vTaskSuspendAll   tasks.o
    0x08006770   0x08006770   0x0000008c   Code   RO         4504    i.vTaskSwitchContext  tasks.o
    0x080067fc   0x080067fc   0x000000f8   Code   RO         5243    i.xPortStartScheduler  port.o
    0x080068f4   0x080068f4   0x00000034   Code   RO         5244    i.xPortSysTickHandler  port.o
    0x08006928   0x08006928   0x00000022   Code   RO         4152    i.xQueueCreateMutex  queue.o
    0x0800694a   0x0800694a   0x0000002a   Code   RO         4153    i.xQueueCreateMutexStatic  queue.o
    0x08006974   0x08006974   0x0000005a   Code   RO         4154    i.xQueueGenericCreate  queue.o
    0x080069ce   0x080069ce   0x000000e0   Code   RO         4155    i.xQueueGenericCreateStatic  queue.o
    0x08006aae   0x08006aae   0x00000002   PAD
    0x08006ab0   0x08006ab0   0x00000098   Code   RO         4156    i.xQueueGenericReset  queue.o
    0x08006b48   0x08006b48   0x000001a8   Code   RO         4157    i.xQueueGenericSend  queue.o
    0x08006cf0   0x08006cf0   0x000000fc   Code   RO         4158    i.xQueueGenericSendFromISR  queue.o
    0x08006dec   0x08006dec   0x000000e0   Code   RO         4159    i.xQueueGiveFromISR  queue.o
    0x08006ecc   0x08006ecc   0x00000168   Code   RO         4164    i.xQueueReceive     queue.o
    0x08007034   0x08007034   0x000000ca   Code   RO         4165    i.xQueueReceiveFromISR  queue.o
    0x080070fe   0x080070fe   0x00000002   PAD
    0x08007100   0x08007100   0x000001b8   Code   RO         4166    i.xQueueSemaphoreTake  queue.o
    0x080072b8   0x080072b8   0x0000008c   Code   RO         4506    i.xTaskCheckForTimeOut  tasks.o
    0x08007344   0x08007344   0x00000064   Code   RO         4507    i.xTaskCreate       tasks.o
    0x080073a8   0x080073a8   0x000000ba   Code   RO         4508    i.xTaskCreateStatic  tasks.o
    0x08007462   0x08007462   0x00000002   PAD
    0x08007464   0x08007464   0x00000020   Code   RO         4512    i.xTaskGetSchedulerState  tasks.o
    0x08007484   0x08007484   0x00000148   Code   RO         4515    i.xTaskIncrementTick  tasks.o
    0x080075cc   0x080075cc   0x000000c8   Code   RO         4518    i.xTaskPriorityDisinherit  tasks.o
    0x08007694   0x08007694   0x000000b8   Code   RO         4519    i.xTaskPriorityInherit  tasks.o
    0x0800774c   0x0800774c   0x00000098   Code   RO         4520    i.xTaskRemoveFromEventList  tasks.o
    0x080077e4   0x080077e4   0x00000104   Code   RO         4521    i.xTaskResumeAll    tasks.o
    0x080078e8   0x080078e8   0x0000002c   Code   RO         5523    locale$$code        c_w.l(lc_numeric_c.o)
    0x08007914   0x08007914   0x00000062   Code   RO         5367    x$fpl$d2f           fz_ws.l(d2f.o)
    0x08007976   0x08007976   0x00000002   PAD
    0x08007978   0x08007978   0x000002b0   Code   RO         5370    x$fpl$ddiv          fz_ws.l(ddiv.o)
    0x08007c28   0x08007c28   0x00000026   Code   RO         5373    x$fpl$dfltu         fz_ws.l(dflt_clz.o)
    0x08007c4e   0x08007c4e   0x0000009c   Code   RO         5431    x$fpl$dnaninf       fz_ws.l(dnaninf.o)
    0x08007cea   0x08007cea   0x0000000c   Code   RO         5433    x$fpl$dretinf       fz_ws.l(dretinf.o)
    0x08007cf6   0x08007cf6   0x00000002   PAD
    0x08007cf8   0x08007cf8   0x00000056   Code   RO         5379    x$fpl$f2d           fz_ws.l(f2d.o)
    0x08007d4e   0x08007d4e   0x00000002   PAD
    0x08007d50   0x08007d50   0x000000c4   Code   RO         5381    x$fpl$fadd          fz_ws.l(faddsub_clz.o)
    0x08007e14   0x08007e14   0x0000000c   Code   RO         5525    x$fpl$fcheck1       fz_ws.l(fcheck1.o)
    0x08007e20   0x08007e20   0x00000018   Code   RO         5435    x$fpl$fcmpinf       fz_ws.l(fcmpi.o)
    0x08007e38   0x08007e38   0x00000184   Code   RO         5388    x$fpl$fdiv          fz_ws.l(fdiv.o)
    0x08007fbc   0x08007fbc   0x00000052   Code   RO         5438    x$fpl$ffixr         fz_ws.l(ffix.o)
    0x0800800e   0x0800800e   0x00000002   PAD
    0x08008010   0x08008010   0x00000030   Code   RO         5392    x$fpl$fflt          fz_ws.l(fflt_clz.o)
    0x08008040   0x08008040   0x00000026   Code   RO         5391    x$fpl$ffltu         fz_ws.l(fflt_clz.o)
    0x08008066   0x08008066   0x00000002   PAD
    0x08008068   0x08008068   0x00000068   Code   RO         5397    x$fpl$fleqf         fz_ws.l(fleqf.o)
    0x080080d0   0x080080d0   0x00000102   Code   RO         5399    x$fpl$fmul          fz_ws.l(fmul.o)
    0x080081d2   0x080081d2   0x0000008c   Code   RO         5441    x$fpl$fnaninf       fz_ws.l(fnaninf.o)
    0x0800825e   0x0800825e   0x0000000a   Code   RO         5443    x$fpl$fretinf       fz_ws.l(fretinf.o)
    0x08008268   0x08008268   0x00000062   Code   RO         5401    x$fpl$frleqf        fz_ws.l(frleqf.o)
    0x080082ca   0x080082ca   0x00000014   Code   RO         5382    x$fpl$frsb          fz_ws.l(faddsub_clz.o)
    0x080082de   0x080082de   0x00000002   PAD
    0x080082e0   0x080082e0   0x000000ea   Code   RO         5383    x$fpl$fsub          fz_ws.l(faddsub_clz.o)
    0x080083ca   0x080083ca   0x00000004   Code   RO         5403    x$fpl$printf1       fz_ws.l(printf1.o)
    0x080083ce   0x080083ce   0x00000064   Code   RO         5589    x$fpl$retnan        fz_ws.l(retnan.o)
    0x08008432   0x08008432   0x0000004c   Code   RO         5447    x$fpl$scalbnf       fz_ws.l(scalbnf.o)
    0x0800847e   0x0800847e   0x00000030   Code   RO         5597    x$fpl$trapveneer    fz_ws.l(trapv.o)
    0x080084ae   0x080084ae   0x00000000   Code   RO         5449    x$fpl$usenofp       fz_ws.l(usenofp.o)
    0x080084ae   0x080084ae   0x00002814   Data   RO          157    .constdata          fonts.o
    0x0800acc2   0x0800acc2   0x00000002   PAD
    0x0800acc4   0x0800acc4   0x000000bc   Data   RO          537    .constdata          main.o
    0x0800ad80   0x0800ad80   0x00000012   Data   RO         1307    .constdata          stm32f1xx_hal_rcc.o
    0x0800ad92   0x0800ad92   0x00000012   Data   RO         1403    .constdata          stm32f1xx_hal_rcc_ex.o
    0x0800ada4   0x0800ada4   0x00000018   Data   RO         3962    .constdata          system_stm32f1xx.o
    0x0800adbc   0x0800adbc   0x00000140   Data   RO         5407    .constdata          m_ws.l(powf.o)
    0x0800aefc   0x0800aefc   0x00000094   Data   RO         5498    .constdata          c_w.l(bigflt0.o)
    0x0800af90   0x0800af90   0x00000027   Data   RO          538    .conststring        main.o
    0x0800afb7   0x0800afb7   0x00000001   PAD
    0x0800afb8   0x0800afb8   0x00000020   Data   RO         5672    Region$$Table       anon$$obj.o
    0x0800afd8   0x0800afd8   0x0000001c   Data   RO         5522    locale$$data        c_w.l(lc_numeric_c.o)


    Execution Region RW_IRAM1 (Exec base: 0x20000000, Load base: 0x0800aff4, Size: 0x00004c08, Max: 0x00005000, ABSOLUTE)

    Exec Addr    Load Addr    Size         Type   Attr      Idx    E Section Name        Object

    0x20000000   0x0800aff4   0x0000001c   Data   RW           17    .data               dht11.o
    0x2000001c   0x0800b010   0x00000018   Data   RW          158    .data               fonts.o
    0x20000034   0x0800b028   0x00000006   Data   RW          351    .data               ssd1306.o
    0x2000003a   0x0800b02e   0x00000002   PAD
    0x2000003c   0x0800b030   0x00000024   Data   RW          539    .data               main.o
    0x20000060   0x0800b054   0x00000009   Data   RW         1143    .data               stm32f1xx_hal.o
    0x20000069   0x0800b05d   0x00000003   PAD
    0x2000006c   0x0800b060   0x00000004   Data   RW         3963    .data               system_stm32f1xx.o
    0x20000070   0x0800b064   0x0000003c   Data   RW         4524    .data               tasks.o
    0x200000ac   0x0800b0a0   0x00000020   Data   RW         5177    .data               heap_4.o
    0x200000cc   0x0800b0c0   0x0000000c   Data   RW         5245    .data               port.o
    0x200000d8        -       0x00000400   Zero   RW          350    .bss                ssd1306.o
    0x200004d8        -       0x00000188   Zero   RW          536    .bss                main.o
    0x20000660        -       0x00000254   Zero   RW          632    .bss                freertos.o
    0x200008b4        -       0x000000f0   Zero   RW         4523    .bss                tasks.o
    0x200009a4        -       0x00003c00   Zero   RW         5176    .bss                heap_4.o
    0x200045a4        -       0x00000060   Zero   RW         5530    .bss                c_w.l(libspace.o)
    0x20004604   0x0800b0cc   0x00000004   PAD
    0x20004608        -       0x00000200   Zero   RW            2    HEAP                startup_stm32f103xb.o
    0x20004808        -       0x00000400   Zero   RW            1    STACK               startup_stm32f103xb.o


==============================================================================

Image component sizes


      Code (inc. data)   RO Data    RW Data    ZI Data      Debug   Object Name

       660         18          0          0          0      31194   cmsis_os.o
       704         90          0         28          0     451094   dht11.o
         0          0          0          0          0      19880   event_groups.o
         0          0      10260         24          0       1139   fonts.o
        24         10          0          0        596       1132   freertos.o
       724         74          0         32      15360       7075   heap_4.o
       148          0          0          0          0       3202   list.o
       128         38          0          0          0       1117   lorasendvalue.o
      2190        336        227         36        392       9400   main.o
       520         50          0          0          0      35930   mq2.o
       854         78          0         12          0      10837   port.o
      2882         20          0          0          0      22557   queue.o
       966         50          0          6       1024       7691   ssd1306.o
        64         26        236          0       1536        776   startup_stm32f103xb.o
       192         36          0          9          0       5605   stm32f1xx_hal.o
      1672         62          0          0          0       6751   stm32f1xx_hal_adc.o
       272         22          0          0          0      28534   stm32f1xx_hal_cortex.o
       828         34          0          0          0       3175   stm32f1xx_hal_gpio.o
      2170         42          0          0          0       8941   stm32f1xx_hal_i2c.o
       656         72          0          0          0       4050   stm32f1xx_hal_msp.o
      1748         98         18          0          0       5688   stm32f1xx_hal_rcc.o
       556         34         18          0          0       2269   stm32f1xx_hal_rcc_ex.o
      1714         60          0          0          0      11967   stm32f1xx_hal_tim.o
       132         14          0          0          0       1264   stm32f1xx_hal_tim_ex.o
       808          4          0          0          0       4168   stm32f1xx_hal_uart.o
        42          0          0          0          0       2835   stm32f1xx_it.o
         0          0          0          0          0        392   stream_buffer.o
         2          0         24          4          0       1011   system_stm32f1xx.o
      3218        370          0         60        240      26645   tasks.o

    ----------------------------------------------------------------------
     23906       1638      10818        216      19148     716319   Object Totals
         0          0         32          0          0          0   (incl. Generated)
        32          0          3          5          0          0   (incl. Padding)

    ----------------------------------------------------------------------

      Code (inc. data)   RO Data    RW Data    ZI Data      Debug   Library Member Name

        56          6          0          0          0         88   __2snprintf.o
        44          6          0          0          0         84   __2sprintf.o
         8          0          0          0          0         68   __main.o
       284          0          0          0          0        156   __printf_wp.o
         0          0          0          0          0          0   __rtentry.o
        12          0          0          0          0          0   __rtentry2.o
         6          0          0          0          0          0   __rtentry4.o
        52          8          0          0          0          0   __scatter.o
        26          0          0          0          0          0   __scatter_copy.o
        28          0          0          0          0          0   __scatter_zi.o
        48          6          0          0          0         96   _printf_char_common.o
         6          0          0          0          0          0   _printf_d.o
       120         16          0          0          0         92   _printf_dec.o
         6          0          0          0          0          0   _printf_f.o
      1054          0          0          0          0        216   _printf_fp_dec.o
       128         16          0          0          0         84   _printf_fp_infnan.o
       178          0          0          0          0         88   _printf_intcommon.o
         0          0          0          0          0          0   _printf_percent.o
         4          0          0          0          0          0   _printf_percent_end.o
        22          0          0          0          0        100   _rserrno.o
        16          0          0          0          0         68   _snputc.o
        10          0          0          0          0         68   _sputc.o
        16          0          0          0          0         68   aeabi_memset.o
       228          4        148          0          0         96   bigflt0.o
      1936        128          0          0          0        672   btod.o
        18          0          0          0          0         80   exit.o
         6          0          0          0          0        152   heapauxi.o
         0          0          0          0          0          0   indicate_semi.o
        44         10         28          0          0         76   lc_numeric_c.o
         2          0          0          0          0          0   libinit.o
        18          0          0          0          0          0   libinit2.o
         2          0          0          0          0          0   libshutdown.o
         2          0          0          0          0          0   libshutdown2.o
         8          4          0          0         96         68   libspace.o
       138          0          0          0          0         80   lludiv10.o
         8          4          0          0          0         68   rt_errno_addr_intlibspace.o
         8          4          0          0          0         68   rt_locale_intlibspace.o
        68          0          0          0          0         68   rt_memclr.o
        78          0          0          0          0         80   rt_memclr_w.o
       138          0          0          0          0         68   rt_memcpy_v6.o
       100          0          0          0          0         80   rt_memcpy_w.o
         2          0          0          0          0          0   rtexit.o
        10          0          0          0          0          0   rtexit2.o
       128          0          0          0          0         68   strcmpv7m.o
        12          4          0          0          0         68   sys_exit.o
        74          0          0          0          0         80   sys_stackheap_outer.o
         2          0          0          0          0         68   use_no_semi.o
        98          4          0          0          0         92   d2f.o
       688        140          0          0          0        208   ddiv.o
        38          0          0          0          0         68   dflt_clz.o
       156          4          0          0          0         92   dnaninf.o
        12          0          0          0          0         68   dretinf.o
        86          4          0          0          0         84   f2d.o
       450          8          0          0          0        236   faddsub_clz.o
        12          4          0          0          0         68   fcheck1.o
        24          0          0          0          0         68   fcmpi.o
       388         76          0          0          0         96   fdiv.o
        82          4          0          0          0         84   ffix.o
        86          0          0          0          0        136   fflt_clz.o
       104          4          0          0          0         84   fleqf.o
       258          4          0          0          0         84   fmul.o
       140          4          0          0          0         84   fnaninf.o
        10          0          0          0          0         68   fretinf.o
        98          0          0          0          0         68   frleqf.o
         4          0          0          0          0         68   printf1.o
       100          0          0          0          0         68   retnan.o
        76          0          0          0          0         68   scalbnf.o
        48          0          0          0          0         68   trapv.o
         0          0          0          0          0          0   usenofp.o
        40          0          0          0          0         68   fpclassify.o
        38          0          0          0          0         68   fpclassifyf.o
        42          0          0          0          0        340   funder.o
      1568         80        320          0          0        224   powf.o

    ----------------------------------------------------------------------
      9824        552        496          0        100       5876   Library Totals
        24          0          0          0          4          0   (incl. Padding)

    ----------------------------------------------------------------------

      Code (inc. data)   RO Data    RW Data    ZI Data      Debug   Library Name

      5154        216        176          0         96       3216   c_w.l
      2958        256          0          0          0       1960   fz_ws.l
      1688         80        320          0          0        700   m_ws.l

    ----------------------------------------------------------------------
      9824        552        496          0        100       5876   Library Totals

    ----------------------------------------------------------------------

==============================================================================


      Code (inc. data)   RO Data    RW Data    ZI Data      Debug   

     33730       2190      11314        216      19248     709347   Grand Totals
     33730       2190      11314        216      19248     709347   ELF Image Totals
     33730       2190      11314        216          0          0   ROM Totals

==============================================================================

    Total RO  Size (Code + RO Data)                45044 (  43.99kB)
    Total RW  Size (RW Data + ZI Data)             19464 (  19.01kB)
    Total ROM Size (Code + RO Data + RW Data)      45260 (  44.20kB)

==============================================================================

