<html>
<body>
<pre>
<h1>µVision Build Log</h1>
<h2>Tool Versions:</h2>
IDE-Version: µVision V5.29.0.0
Copyright (C) 2019 ARM Ltd and ARM Germany GmbH. All rights reserved.
License Information: Bao Vo, UTT, LIC=RC93N-YCFEU-PC4J8-30F0G-MY3SH-NZV8M
 
Tool Versions:
Toolchain:       MDK-ARM Plus  Version: 5.29.0.0
Toolchain Path:  C:\Keil_v5\ARM\ARMCC\Bin
C Compiler:      Armcc.exe V5.06 update 6 (build 750)
Assembler:       Armasm.exe V5.06 update 6 (build 750)
Linker/Locator:  ArmLink.exe V5.06 update 6 (build 750)
Library Manager: ArmAr.exe V5.06 update 6 (build 750)
Hex Converter:   FromElf.exe V5.06 update 6 (build 750)
CPU DLL:         SARMCM3.DLL V5.29.0.0
Dialog DLL:      DCM.DLL V1.17.3.0
Target DLL:      STLink\ST-LINKIII-KEIL_SWO.dll V3.0.7.0
Dialog DLL:      TCM.DLL V1.36.5.0
 
<h2>Project:</h2>
E:\DA1\RTOS\test\MDK-ARM\test.uvprojx
Project File Date:  06/10/2026

<h2>Output:</h2>
*** Using Compiler 'V5.06 update 6 (build 750)', folder: 'C:\Keil_v5\ARM\ARMCC\Bin'
Rebuild target 'test'
assembling startup_stm32f103xb.s...
compiling ssd1306.c...
../Core/Inc/fonts.h(129): warning:  #1-D: last line of file ends without a newline
  #endif
../Core/Inc/ssd1306.h(238): warning:  #1295-D: Deprecated declaration ssd1306_I2C_Init - give arg types
  void ssd1306_I2C_Init();
../Core/Inc/ssd1306.h(309): warning:  #1-D: last line of file ends without a newline
  #endif
..\Core\Src\ssd1306.c(149): warning:  #188-D: enumerated type mixed with another type
              if(byte & 0x80) SSD1306_DrawPixel(x+i, y, color);
..\Core\Src\ssd1306.c(608): warning:  #188-D: enumerated type mixed with another type
  	  SSD1306_Fill (0);
..\Core\Src\ssd1306.c(654): warning:  #1-D: last line of file ends without a newline
  }
..\Core\Src\ssd1306.c: 6 warnings, 0 errors
compiling fonts.c...
../Core/Inc/fonts.h(129): warning:  #1-D: last line of file ends without a newline
  #endif
..\Core\Src\fonts.c(341): warning:  #1-D: last line of file ends without a newline
  }
..\Core\Src\fonts.c: 2 warnings, 0 errors
compiling lorasendvalue.c...
../Core/Inc/lorasendvalue.h(9): warning:  #1-D: last line of file ends without a newline
  #endif
..\Core\Src\lorasendvalue.c(9): warning:  #1-D: last line of file ends without a newline
  }
..\Core\Src\lorasendvalue.c: 2 warnings, 0 errors
compiling stm32f1xx_hal_adc.c...
compiling stm32f1xx_hal_msp.c...
compiling stm32f1xx_it.c...
compiling dht11.c...
../Core/Inc/dht11.h(19): warning:  #1-D: last line of file ends without a newline
  #endif
..\Core\Src\dht11.c(26): warning:  #188-D: enumerated type mixed with another type
      HAL_GPIO_WritePin(DHT11_PORT, DHT11_PIN, 0);
..\Core\Src\dht11.c(28): warning:  #188-D: enumerated type mixed with another type
      HAL_GPIO_WritePin(DHT11_PORT, DHT11_PIN, 1);
..\Core\Src\dht11.c: 3 warnings, 0 errors
compiling freertos.c...
compiling stm32f1xx_hal_gpio_ex.c...
compiling MQ2.c...
../Core/Inc/MQ2.h(39): warning:  #1-D: last line of file ends without a newline
  #endif
..\Core\Src\MQ2.c(102): warning:  #1-D: last line of file ends without a newline
  }
..\Core\Src\MQ2.c: 2 warnings, 0 errors
compiling main.c...
../Core/Inc/dht11.h(19): warning:  #1-D: last line of file ends without a newline
  #endif
../Core/Inc/lorasendvalue.h(9): warning:  #1-D: last line of file ends without a newline
  #endif
../Core/Inc/fonts.h(129): warning:  #1-D: last line of file ends without a newline
  #endif
../Core/Inc/ssd1306.h(238): warning:  #1295-D: Deprecated declaration ssd1306_I2C_Init - give arg types
  void ssd1306_I2C_Init();
../Core/Inc/ssd1306.h(309): warning:  #1-D: last line of file ends without a newline
  #endif
../Core/Inc/MQ2.h(39): warning:  #1-D: last line of file ends without a newline
  #endif
../Core/Src/main.c: 6 warnings, 0 errors
compiling stm32f1xx_hal_cortex.c...
compiling stm32f1xx_hal_flash_ex.c...
compiling stm32f1xx_hal_exti.c...
compiling stm32f1xx_hal_gpio.c...
compiling stm32f1xx_hal_rcc.c...
compiling stm32f1xx_hal.c...
compiling stm32f1xx_hal_pwr.c...
compiling stm32f1xx_hal_dma.c...
compiling stm32f1xx_hal_flash.c...
compiling stm32f1xx_hal_rcc_ex.c...
compiling stm32f1xx_hal_adc_ex.c...
compiling croutine.c...
compiling list.c...
compiling event_groups.c...
compiling stream_buffer.c...
compiling queue.c...
compiling timers.c...
compiling heap_4.c...
compiling tasks.c...
compiling port.c...
compiling cmsis_os.c...
compiling system_stm32f1xx.c...
compiling stm32f1xx_hal_uart.c...
compiling stm32f1xx_hal_tim_ex.c...
compiling stm32f1xx_hal_i2c.c...
compiling stm32f1xx_hal_tim.c...
linking...
Program Size: Code=33730 RO-data=11314 RW-data=216 ZI-data=19248  
FromELF: creating hex file...
"test\test.axf" - 0 Error(s), 21 Warning(s).

<h2>Software Packages used:</h2>

Package Vendor: ARM
                http://www.keil.com/pack/ARM.CMSIS.5.6.0.pack
                ARM.CMSIS.5.6.0
                CMSIS (Cortex Microcontroller Software Interface Standard)
   * Component: CORE Version: 5.3.0

Package Vendor: Keil
                https://www.keil.com/pack/Keil.STM32F1xx_DFP.2.4.1.pack
                Keil.STM32F1xx_DFP.2.4.1
                STMicroelectronics STM32F1 Series Device Support, Drivers and Examples

<h2>Collection of Component include folders:</h2>
  .\RTE\_test
  C:\Users\Acer\AppData\Local\Arm\Packs\ARM\CMSIS\5.6.0\CMSIS\Core\Include
  C:\Users\Acer\AppData\Local\Arm\Packs\Keil\STM32F1xx_DFP\2.4.1\Device\Include

<h2>Collection of Component Files used:</h2>

   * Component: ARM::CMSIS:CORE:5.3.0
Build Time Elapsed:  00:00:10
</pre>
</body>
</html>
